 Entering Gaussian System, Link 0=/usr/local/gaussian/2009-E.01/g09/g09
 Initial command:
 /usr/local/gaussian/2009-E.01/g09/l1.exe "/scratch/pbs.8312967.achilles/Gau-7233.inp" -scrdir="/scratch/pbs.8312967.achilles/"
 Entering Link 1 = /usr/local/gaussian/2009-E.01/g09/l1.exe PID=      7234.
  
 Copyright (c) 1988,1990,1992,1993,1995,1998,2003,2009,2015,
            Gaussian, Inc.  All Rights Reserved.
  
 This is part of the Gaussian(R) 09 program.  It is based on
 the Gaussian(R) 03 system (copyright 2003, Gaussian, Inc.),
 the Gaussian(R) 98 system (copyright 1998, Gaussian, Inc.),
 the Gaussian(R) 94 system (copyright 1995, Gaussian, Inc.),
 the Gaussian 92(TM) system (copyright 1992, Gaussian, Inc.),
 the Gaussian 90(TM) system (copyright 1990, Gaussian, Inc.),
 the Gaussian 88(TM) system (copyright 1988, Gaussian, Inc.),
 the Gaussian 86(TM) system (copyright 1986, Carnegie Mellon
 University), and the Gaussian 82(TM) system (copyright 1983,
 Carnegie Mellon University). Gaussian is a federally registered
 trademark of Gaussian, Inc.
  
 This software contains proprietary and confidential information,
 including trade secrets, belonging to Gaussian, Inc.
  
 This software is provided under written license and may be
 used, copied, transmitted, or stored only in accord with that
 written license.
  
 The following legend is applicable only to US Government
 contracts under FAR:
  
                    RESTRICTED RIGHTS LEGEND
  
 Use, reproduction and disclosure by the US Government is
 subject to restrictions as set forth in subparagraphs (a)
 and (c) of the Commercial Computer Software - Restricted
 Rights clause in FAR 52.227-19.
  
 Gaussian, Inc.
 340 Quinnipiac St., Bldg. 40, Wallingford CT 06492
  
  
 ---------------------------------------------------------------
 Warning -- This program may not be used in any manner that
 competes with the business of Gaussian, Inc. or will provide
 assistance to any competitor of Gaussian, Inc.  The licensee
 of this program is prohibited from giving any competitor of
 Gaussian, Inc. access to this program.  By using this program,
 the user acknowledges that Gaussian, Inc. is engaged in the
 business of creating and licensing software in the field of
 computational chemistry and represents and warrants to the
 licensee that it is not a competitor of Gaussian, Inc. and that
 it will not use this program in any manner prohibited above.
 ---------------------------------------------------------------
  

 Cite this work as:
 Gaussian 09, Revision E.01,
 M. J. Frisch, G. W. Trucks, H. B. Schlegel, G. E. Scuseria, 
 M. A. Robb, J. R. Cheeseman, G. Scalmani, V. Barone, B. Mennucci, 
 G. A. Petersson, H. Nakatsuji, M. Caricato, X. Li, H. P. Hratchian, 
 A. F. Izmaylov, J. Bloino, G. Zheng, J. L. Sonnenberg, M. Hada, 
 M. Ehara, K. Toyota, R. Fukuda, J. Hasegawa, M. Ishida, T. Nakajima, 
 Y. Honda, O. Kitao, H. Nakai, T. Vreven, J. A. Montgomery, Jr., 
 J. E. Peralta, F. Ogliaro, M. Bearpark, J. J. Heyd, E. Brothers, 
 K. N. Kudin, V. N. Staroverov, T. Keith, R. Kobayashi, J. Normand, 
 K. Raghavachari, A. Rendell, J. C. Burant, S. S. Iyengar, J. Tomasi, 
 M. Cossi, N. Rega, J. M. Millam, M. Klene, J. E. Knox, J. B. Cross, 
 V. Bakken, C. Adamo, J. Jaramillo, R. Gomperts, R. E. Stratmann, 
 O. Yazyev, A. J. Austin, R. Cammi, C. Pomelli, J. W. Ochterski, 
 R. L. Martin, K. Morokuma, V. G. Zakrzewski, G. A. Voth, 
 P. Salvador, J. J. Dannenberg, S. Dapprich, A. D. Daniels, 
 O. Farkas, J. B. Foresman, J. V. Ortiz, J. Cioslowski, 
 and D. J. Fox, Gaussian, Inc., Wallingford CT, 2013.
 
 ******************************************
 Gaussian 09:  ES64L-G09RevE.01 30-Nov-2015
                28-Feb-2019 
 ******************************************
 Default route:  MAXDISK=1700GB
 --------------
 # nmr hf/3-21g
 --------------
 1/38=1/1;
 2/12=2,17=6,18=5,40=1/2;
 3/5=5,11=9,16=1,25=1,30=1/1,2,8,3;
 4//1;
 5/5=2,38=5/2;
 8/6=1,10=90,11=11/1;
 10/13=100,45=16/2;
 6/7=2,8=2,9=2,10=2,28=1/1;
 99/9=1/99;
 -----
 AcOEt
 -----
 Symbolic Z-matrix:
 Charge =  0 Multiplicity = 1
 C                    -0.51991  -1.75007  0. 
 H                    -0.16325  -2.75888   0.00196 
 H                    -0.16324  -1.24737  -0.87463 
 H                    -0.16323  -1.24397   0.87267 
 C                    -4.11322  -0.2981    0. 
 H                    -4.46989  -0.8025    0.87365 
 H                    -4.46989  -0.8025   -0.87365 
 C                    -2.05991  -1.75005   0. 
 O                    -2.7834   -2.77967  0. 
 O                    -2.57322  -0.29812   0. 
 C                    -4.62654   1.15383  0. 
 H                    -5.69653   1.15385  -0.00196 
 H                    -4.27146   1.65767   0.87462 
 H                    -4.26827   1.65879  -0.87268 
 
                          Input orientation:                          
 ---------------------------------------------------------------------
 Center     Atomic      Atomic             Coordinates (Angstroms)
 Number     Number       Type             X           Y           Z
 ---------------------------------------------------------------------
      1          6           0       -0.519906   -1.750068   -0.000004
      2          1           0       -0.163252   -2.758877    0.001955
      3          1           0       -0.163236   -1.247368   -0.874634
      4          1           0       -0.163231   -1.243974    0.872666
      5          6           0       -4.113222   -0.298098    0.000000
      6          1           0       -4.469894   -0.802495    0.873652
      7          1           0       -4.469895   -0.802498   -0.873650
      8          6           0       -2.059906   -1.750049    0.000000
      9          8           0       -2.783401   -2.779674   -0.000005
     10          8           0       -2.573222   -0.298117    0.000000
     11          6           0       -4.626537    1.153834   -0.000003
     12          1           0       -5.696535    1.153847   -0.001960
     13          1           0       -4.271463    1.657670    0.874624
     14          1           0       -4.268267    1.658795   -0.872675
 ---------------------------------------------------------------------
                    Distance matrix (angstroms):
                    1          2          3          4          5
     1  C    0.000000
     2  H    1.070000   0.000000
     3  H    1.070000   1.747303   0.000000
     4  H    1.070000   1.747303   1.747303   0.000000
     5  C    3.875582   4.653783   4.155537   4.154354   0.000000
     6  H    4.154946   4.809829   4.669232   4.329232   1.070000
     7  H    4.154944   4.810538   4.329576   4.668177   1.070000
     8  C    1.540000   2.148263   2.148263   2.148263   2.514810
     9  O    2.486663   2.620232   3.158829   3.159939   2.815429
    10  O    2.514810   3.444313   2.733879   2.732077   1.540000
    11  C    5.029619   5.935505   5.143132   5.141219   1.540000
    12  H    5.935504   6.776919   6.094653   6.093600   2.148262
    13  H    5.143135   6.094656   5.326977   5.029624   2.148264
    14  H    5.141217   6.093599   5.029619   5.321993   2.148263
                    6          7          8          9         10
     6  H    0.000000
     7  H    1.747303   0.000000
     8  C    2.732978   2.732977   0.000000
     9  O    2.741673   2.741668   1.258400   0.000000
    10  O    2.148263   2.148263   1.540000   2.490441   0.000000
    11  C    2.148263   2.148263   3.875582   4.343919   2.514809
    12  H    2.469538   2.468152   4.653782   4.894787   3.444312
    13  H    2.468155   3.024610   4.155539   4.761232   2.733879
    14  H    3.024610   2.469538   4.154352   4.760923   2.732077
                   11         12         13         14
    11  C    0.000000
    12  H    1.070000   0.000000
    13  H    1.070000   1.747303   0.000000
    14  H    1.070000   1.747303   1.747303   0.000000
 Stoichiometry    C4H8O2
 Framework group  C1[X(C4H8O2)]
 Deg. of freedom    36
 Full point group                 C1      NOp   1
 Largest Abelian subgroup         C1      NOp   1
 Largest concise Abelian subgroup C1      NOp   1
                         Standard orientation:                         
 ---------------------------------------------------------------------
 Center     Atomic      Atomic             Coordinates (Angstroms)
 Number     Number       Type             X           Y           Z
 ---------------------------------------------------------------------
      1          6           0        2.278632   -0.862744    0.000002
      2          1           0        3.212645   -0.340712   -0.001957
      3          1           0        2.214503   -1.475776    0.874632
      4          1           0        2.212265   -1.478328   -0.872668
      5          6           0       -1.378572    0.419829   -0.000002
      6          1           0       -1.313323    1.034137   -0.873654
      7          1           0       -1.313322    1.034140    0.873648
      8          6           0        1.122171    0.154211   -0.000002
      9          8           0        1.258802    1.405172    0.000003
     10          8           0       -0.222110   -0.597126   -0.000002
     11          6           0       -2.722853   -0.331509    0.000001
     12          1           0       -3.526366    0.375076    0.001958
     13          1           0       -2.788932   -0.944340   -0.874626
     14          1           0       -2.787274   -0.947295    0.872673
 ---------------------------------------------------------------------
 Rotational constants (GHZ):      8.0348841      1.8587454      1.5523386
 Standard basis: 3-21G (6D, 7F)
 There are    70 symmetry adapted cartesian basis functions of A   symmetry.
 There are    70 symmetry adapted basis functions of A   symmetry.
    70 basis functions,   114 primitive gaussians,    70 cartesian basis functions
    24 alpha electrons       24 beta electrons
       nuclear repulsion energy       232.8414879617 Hartrees.
 NAtoms=   14 NActive=   14 NUniq=   14 SFac= 1.00D+00 NAtFMM=   60 NAOKFM=F Big=F
 Integral buffers will be    131072 words long.
 Raffenetti 1 integral format.
 Two-electron integral symmetry is turned on.
 One-electron integrals computed using PRISM.
 NBasis=    70 RedAO= T EigKep=  1.43D-02  NBF=    70
 NBsUse=    70 1.00D-06 EigRej= -1.00D+00 NBFU=    70
 ExpMin= 1.83D-01 ExpMax= 3.22D+02 ExpMxC= 3.22D+02 IAcc=1 IRadAn=         1 AccDes= 0.00D+00
 Harris functional with IExCor=  205 and IRadAn=       1 diagonalized for initial guess.
 HarFok:  IExCor=  205 AccDes= 0.00D+00 IRadAn=         1 IDoV= 1 UseB2=F ITyADJ=14
 ICtDFT=  3500011 ScaDFX=  1.000000  1.000000  1.000000  1.000000
 FoFCou: FMM=F IPFlag=           0 FMFlag=      100000 FMFlg1=           0
         NFxFlg=           0 DoJE=T BraDBF=F KetDBF=T FulRan=T
         wScrn=  0.000000 ICntrl=     500 IOpCl=  0 I1Cent=   200000004 NGrid=           0
         NMat0=    1 NMatS0=      1 NMatT0=    0 NMatD0=    1 NMtDS0=    0 NMtDT0=    0
 Petite list used in FoFCou.
 Keep R1 ints in memory in canonical form, NReq=3951444.
 Requested convergence on RMS density matrix=1.00D-08 within 128 cycles.
 Requested convergence on MAX density matrix=1.00D-06.
 Requested convergence on             energy=1.00D-06.
 No special actions if energy rises.
 SCF Done:  E(RHF) =  -304.136843147     A.U. after   14 cycles
            NFock= 14  Conv=0.41D-08     -V/T= 2.0045
 Range of M.O.s used for correlation:     1    70
 NBasis=    70 NAE=    24 NBE=    24 NFC=     0 NFV=     0
 NROrb=     70 NOA=    24 NOB=    24 NVA=    46 NVB=    46
          Differentiating once with respect to magnetic field using GIAOs.
          Electric field/nuclear overlap derivatives assumed to be zero.
 Keep R3 ints in memory in canonical form, NReq=4489719.
 FoFJK:  IHMeth= 1 ICntrl=    6127 DoSepK=F KAlg= 0 I1Cent=   0 FoldK=F
 IRaf=         1 NMat=   1 IRICut=       1 DoRegI=T DoRafI=F ISym2E= 0.
          There are     3 degrees of freedom in the 1st order CPHF.  IDoFFX=0 NUNeed=     3.
      3 vectors produced by pass  0 Test12= 3.68D-14 3.33D-08 XBig12= 2.80D+00 6.21D-01.
 AX will form     3 AO Fock derivatives at one time.
      3 vectors produced by pass  1 Test12= 3.68D-14 3.33D-08 XBig12= 4.16D-02 1.33D-01.
      3 vectors produced by pass  2 Test12= 3.68D-14 3.33D-08 XBig12= 1.74D-03 1.47D-02.
      3 vectors produced by pass  3 Test12= 3.68D-14 3.33D-08 XBig12= 2.78D-05 1.47D-03.
      3 vectors produced by pass  4 Test12= 3.68D-14 3.33D-08 XBig12= 5.59D-07 2.23D-04.
      3 vectors produced by pass  5 Test12= 3.68D-14 3.33D-08 XBig12= 1.10D-08 2.29D-05.
      3 vectors produced by pass  6 Test12= 3.68D-14 3.33D-08 XBig12= 1.51D-10 4.67D-06.
      3 vectors produced by pass  7 Test12= 3.68D-14 3.33D-08 XBig12= 4.18D-12 6.90D-07.
      1 vectors produced by pass  8 Test12= 3.68D-14 3.33D-08 XBig12= 7.32D-14 7.42D-08.
 InvSVY:  IOpt=1 It=  1 EMax= 6.66D-16
 Solved reduced A of dimension    25 with     3 vectors.
 Calculating GIAO nuclear magnetic shielding tensors.
 SCF GIAO Magnetic shielding tensor (ppm):
      1  C    Isotropic =   188.5811   Anisotropy =    44.7850
   XX=   205.6798   YX=   -15.3921   ZX=    -0.0214
   XY=   -24.8718   YY=   186.6694   ZY=     0.0195
   XZ=    -0.0091   YZ=     0.0035   ZZ=   173.3940
   Eigenvalues:   173.3939   173.9115   218.4377
      2  H    Isotropic =    31.6979   Anisotropy =     9.0704
   XX=    37.4332   YX=     2.7335   ZX=    -0.0149
   XY=     0.3123   YY=    30.3011   ZY=    -0.0028
   XZ=    -0.0154   YZ=    -0.0046   ZZ=    27.3594
   Eigenvalues:    27.3594    29.9895    37.7448
      3  H    Isotropic =    31.5350   Anisotropy =     7.6381
   XX=    30.6501   YX=    -1.7876   ZX=     0.6740
   XY=    -1.1414   YY=    31.6999   ZY=    -4.0805
   XZ=     0.8220   YZ=    -4.3950   ZZ=    32.2551
   Eigenvalues:    27.6178    30.3602    36.6271
      4  H    Isotropic =    31.5349   Anisotropy =     7.6329
   XX=    30.6529   YX=    -1.7820   ZX=    -0.6627
   XY=    -1.1309   YY=    31.7209   ZY=     4.0864
   XZ=    -0.8086   YZ=     4.4006   ZZ=    32.2310
   Eigenvalues:    27.6131    30.3682    36.6235
      5  C    Isotropic =   154.5960   Anisotropy =    65.9406
   XX=   176.8364   YX=   -30.1813   ZX=    -0.0018
   XY=   -26.0846   YY=   162.1169   ZY=     0.0054
   XZ=    -0.0000   YZ=    -0.0045   ZZ=   124.8348
   Eigenvalues:   124.8348   140.3969   198.5564
      6  H    Isotropic =    29.7829   Anisotropy =     5.7228
   XX=    31.2351   YX=    -0.7495   ZX=     0.6508
   XY=    -0.3946   YY=    30.1986   ZY=    -4.6583
   XZ=     0.2087   YZ=    -3.6841   ZZ=    27.9149
   Eigenvalues:    24.7321    31.0184    33.5981
      7  H    Isotropic =    29.7834   Anisotropy =     5.7257
   XX=    31.2371   YX=    -0.7524   ZX=    -0.6496
   XY=    -0.3958   YY=    30.1997   ZY=     4.6595
   XZ=    -0.2080   YZ=     3.6865   ZZ=    27.9135
   Eigenvalues:    24.7299    31.0199    33.6006
      8  C    Isotropic =    13.1122   Anisotropy =   120.3988
   XX=  -117.4162   YX=     6.0443   ZX=     0.0014
   XY=   -23.7079   YY=    63.3748   ZY=    -0.0018
   XZ=     0.0029   YZ=     0.0010   ZZ=    93.3781
   Eigenvalues:  -117.8466    63.8052    93.3781
      9  O    Isotropic =  -238.0134   Anisotropy =   793.8020
   XX=  -463.3101   YX=   -75.4364   ZX=     0.0093
   XY=   -73.4488   YY=  -541.9179   ZY=    -0.0097
   XZ=     0.0029   YZ=     0.0990   ZZ=   291.1879
   Eigenvalues:  -586.7954  -418.4327   291.1879
     10  O    Isotropic =   113.0102   Anisotropy =   335.3000
   XX=   251.1588   YX=    90.1619   ZX=    -0.0013
   XY=   286.1696   YY=   -78.1248   ZY=    -0.0147
   XZ=    -0.0460   YZ=    -0.0089   ZZ=   165.9966
   Eigenvalues:  -163.5095   165.9966   336.5436
     11  C    Isotropic =   201.7075   Anisotropy =    18.9155
   XX=   213.1210   YX=     1.3972   ZX=    -0.0048
   XY=     5.6845   YY=   203.8417   ZY=    -0.0030
   XZ=     0.0050   YZ=     0.0074   ZZ=   188.1597
   Eigenvalues:   188.1597   202.6449   214.3178
     12  H    Isotropic =    33.2362   Anisotropy =    10.8854
   XX=    38.6824   YX=    -3.6916   ZX=    -0.0146
   XY=    -3.9639   YY=    32.4010   ZY=     0.0112
   XZ=    -0.0136   YZ=     0.0098   ZZ=    28.6251
   Eigenvalues:    28.6250    30.5904    40.4931
     13  H    Isotropic =    32.5341   Anisotropy =     9.6299
   XX=    31.7670   YX=     2.5686   ZX=     1.8281
   XY=     2.1737   YY=    32.0193   ZY=     5.0585
   XZ=     1.8701   YZ=     4.4330   ZZ=    33.8160
   Eigenvalues:    27.9456    30.7026    38.9541
     14  H    Isotropic =    32.5342   Anisotropy =     9.6252
   XX=    31.7639   YX=     2.5622   ZX=    -1.8141
   XY=     2.1695   YY=    32.0510   ZY=    -5.0696
   XZ=    -1.8573   YZ=    -4.4429   ZZ=    33.7877
   Eigenvalues:    27.9449    30.7066    38.9510
 End of Minotr F.D. properties file   721 does not exist.
 End of Minotr F.D. properties file   722 does not exist.
 End of Minotr F.D. properties file   788 does not exist.

 **********************************************************************

            Population analysis using the SCF density.

 **********************************************************************

 Orbital symmetries:
       Occupied  (A) (A) (A) (A) (A) (A) (A) (A) (A) (A) (A) (A)
                 (A) (A) (A) (A) (A) (A) (A) (A) (A) (A) (A) (A)
       Virtual   (A) (A) (A) (A) (A) (A) (A) (A) (A) (A) (A) (A)
                 (A) (A) (A) (A) (A) (A) (A) (A) (A) (A) (A) (A)
                 (A) (A) (A) (A) (A) (A) (A) (A) (A) (A) (A) (A)
                 (A) (A) (A) (A) (A) (A) (A) (A) (A) (A)
 The electronic state is 1-A.
 Alpha  occ. eigenvalues --  -20.48631 -20.47274 -11.35309 -11.22902 -11.18918
 Alpha  occ. eigenvalues --  -11.16027  -1.40003  -1.31131  -1.03992  -1.00975
 Alpha  occ. eigenvalues --   -0.85124  -0.75365  -0.66381  -0.65794  -0.63075
 Alpha  occ. eigenvalues --   -0.61616  -0.58415  -0.56033  -0.54385  -0.52026
 Alpha  occ. eigenvalues --   -0.49969  -0.49188  -0.44147  -0.42891
 Alpha virt. eigenvalues --    0.15586   0.26220   0.28205   0.29632   0.33227
 Alpha virt. eigenvalues --    0.33376   0.34536   0.34907   0.35823   0.37743
 Alpha virt. eigenvalues --    0.37785   0.42056   0.45317   0.58210   0.90113
 Alpha virt. eigenvalues --    0.91646   0.93534   0.94440   0.97726   0.99124
 Alpha virt. eigenvalues --    1.01315   1.02815   1.04045   1.08711   1.13974
 Alpha virt. eigenvalues --    1.23805   1.27685   1.33263   1.34923   1.35492
 Alpha virt. eigenvalues --    1.37134   1.38003   1.43390   1.47210   1.63228
 Alpha virt. eigenvalues --    1.85166   1.90698   1.94191   1.98245   2.00915
 Alpha virt. eigenvalues --    2.06052   2.19675   2.29798   2.35839   3.40064
 Alpha virt. eigenvalues --    3.51848
          Condensed to atoms (all electrons):
               1          2          3          4          5          6
     1  C    5.523057   0.356806   0.359944   0.359875   0.002796   0.000040
     2  H    0.356806   0.467265  -0.019432  -0.019445  -0.000080   0.000002
     3  H    0.359944  -0.019432   0.448344  -0.017311  -0.000061   0.000004
     4  H    0.359875  -0.019445  -0.017311   0.448399  -0.000062  -0.000013
     5  C    0.002796  -0.000080  -0.000061  -0.000062   5.140215   0.362752
     6  H    0.000040   0.000002   0.000004  -0.000013   0.362752   0.524390
     7  H    0.000039   0.000002  -0.000012   0.000004   0.362764  -0.037777
     8  C    0.206363  -0.043109  -0.035212  -0.035199  -0.055075  -0.004291
     9  O   -0.067630   0.002597   0.000901   0.000906   0.002130   0.002734
    10  O   -0.051722   0.001291   0.001927   0.001943   0.203397  -0.026638
    11  C   -0.000005   0.000000  -0.000002  -0.000002   0.241136  -0.047277
    12  H    0.000001  -0.000000  -0.000000  -0.000000  -0.044993   0.000307
    13  H   -0.000002   0.000000   0.000000   0.000000  -0.042852  -0.003255
    14  H   -0.000002   0.000000   0.000000   0.000000  -0.042840   0.003469
               7          8          9         10         11         12
     1  C    0.000039   0.206363  -0.067630  -0.051722  -0.000005   0.000001
     2  H    0.000002  -0.043109   0.002597   0.001291   0.000000  -0.000000
     3  H   -0.000012  -0.035212   0.000901   0.001927  -0.000002  -0.000000
     4  H    0.000004  -0.035199   0.000906   0.001943  -0.000002  -0.000000
     5  C    0.362764  -0.055075   0.002130   0.203397   0.241136  -0.044993
     6  H   -0.037777  -0.004291   0.002734  -0.026638  -0.047277   0.000307
     7  H    0.524388  -0.004290   0.002734  -0.026636  -0.047286   0.000293
     8  C   -0.004290   4.535309   0.464750   0.219049   0.003133  -0.000062
     9  O    0.002734   0.464750   8.201860  -0.029274   0.000100   0.000002
    10  O   -0.026636   0.219049  -0.029274   8.331025  -0.025048   0.001080
    11  C   -0.047286   0.003133   0.000100  -0.025048   5.391889   0.367417
    12  H    0.000293  -0.000062   0.000002   0.001080   0.367417   0.512900
    13  H    0.003468  -0.000065  -0.000001   0.001113   0.374377  -0.023574
    14  H   -0.003234  -0.000065  -0.000001   0.001117   0.374328  -0.023554
              13         14
     1  C   -0.000002  -0.000002
     2  H    0.000000   0.000000
     3  H    0.000000   0.000000
     4  H    0.000000   0.000000
     5  C   -0.042852  -0.042840
     6  H   -0.003255   0.003469
     7  H    0.003468  -0.003234
     8  C   -0.000065  -0.000065
     9  O   -0.000001  -0.000001
    10  O    0.001113   0.001117
    11  C    0.374377   0.374328
    12  H   -0.023574  -0.023554
    13  H    0.490046  -0.024224
    14  H   -0.024224   0.489949
 Mulliken charges:
               1
     1  C   -0.689559
     2  H    0.254102
     3  H    0.260910
     4  H    0.260904
     5  C   -0.129229
     6  H    0.225552
     7  H    0.225543
     8  C    0.748764
     9  O   -0.581810
    10  O   -0.602624
    11  C   -0.632760
    12  H    0.210183
    13  H    0.224967
    14  H    0.225056
 Sum of Mulliken charges =   0.00000
 Mulliken charges with hydrogens summed into heavy atoms:
               1
     1  C    0.086357
     5  C    0.321867
     8  C    0.748764
     9  O   -0.581810
    10  O   -0.602624
    11  C    0.027446
 Electronic spatial extent (au):  <R**2>=            785.2314
 Charge=              0.0000 electrons
 Dipole moment (field-independent basis, Debye):
    X=             -0.3716    Y=             -1.3802    Z=              0.0004  Tot=              1.4294
 Quadrupole moment (field-independent basis, Debye-Ang):
   XX=            -30.7977   YY=            -41.7500   ZZ=            -35.8506
   XY=             -6.2784   XZ=              0.0004   YZ=             -0.0006
 Traceless Quadrupole moment (field-independent basis, Debye-Ang):
   XX=              5.3351   YY=             -5.6173   ZZ=              0.2822
   XY=             -6.2784   XZ=              0.0004   YZ=             -0.0006
 Octapole moment (field-independent basis, Debye-Ang**2):
  XXX=              6.6943  YYY=             -4.5898  ZZZ=              0.0013  XYY=             -3.5828
  XXY=             -5.5306  XXZ=              0.0021  XZZ=              1.7515  YZZ=              0.1802
  YYZ=              0.0009  XYZ=             -0.0036
 Hexadecapole moment (field-independent basis, Debye-Ang**3):
 XXXX=           -762.1859 YYYY=           -185.9265 ZZZZ=            -49.0675 XXXY=            -10.8954
 XXXZ=             -0.0216 YYYX=             -7.9337 YYYZ=              0.0031 ZZZX=              0.0234
 ZZZY=             -0.0041 XXYY=           -164.1714 XXZZ=           -139.4684 YYZZ=            -33.6816
 XXYZ=             -0.0043 YYXZ=             -0.0082 ZZXY=              0.7242
 N-N= 2.328414879617D+02 E-N=-1.178928036022D+03  KE= 3.027627719153D+02
 1\1\ WCSS.PL-BEM-WN1508\SP\RHF\3-21G\C4H8O2\ROOT\28-Feb-2019\0\\# nmr 
 hf/3-21g\\AcOEt\\0,1\C,0,-0.519906,-1.75006828,-0.00000358\H,0,-0.1632
 5208,-2.75887656,0.00195517\H,0,-0.1632355,-1.24736756,-0.87463386\H,0
 ,-0.16323088,-1.24397389,0.8726655\C,0,-4.11322172,-0.29809818,0.\H,0,
 -4.46989428,-0.80249527,0.87365225\H,0,-4.46989479,-0.80249811,-0.8736
 504\C,0,-2.059906,-1.75004931,0.\O,0,-2.78340063,-2.77967356,-0.000004
 88\O,0,-2.57322172,-0.29811715,0.\C,0,-4.6265367,1.15383423,-0.0000027
 2\H,0,-5.69653491,1.15384668,-0.00196009\H,0,-4.27146302,1.65767033,0.
 87462398\H,0,-4.26826721,1.65879499,-0.8726754\\Version=ES64L-G09RevE.
 01\State=1-A\HF=-304.1368431\RMSD=4.135e-09\Dipole=0.248808,0.5043219,
 -0.0001544\Quadrupole=5.0450728,-5.254853,0.2097801,-3.4413394,-0.0005
 062,-0.0001338\PG=C01 [X(C4H8O2)]\\@


 TOM, TOM, THE BURGLAR'S SON
 STOLE A MACHINE AND AWAY HE RUN
 THE JOB WAS NEAT, BUT TOM GOT BEAT
 BY THE TIME HE GOT HOME IT WAS OBSOLETE.
 Job cpu time:       0 days  0 hours  0 minutes  3.6 seconds.
 File lengths (MBytes):  RWF=      5 Int=      0 D2E=      0 Chk=      1 Scr=      1
 Normal termination of Gaussian 09 at Thu Feb 28 08:04:52 2019.
