 Entering Gaussian System, Link 0=/usr/local/gaussian/2009-E.01/g09/g09
 Initial command:
 /usr/local/gaussian/2009-E.01/g09/l1.exe "/scratch/pbs.8340460.achilles/Gau-172136.inp" -scrdir="/scratch/pbs.8340460.achilles/"
 Entering Link 1 = /usr/local/gaussian/2009-E.01/g09/l1.exe PID=    172137.
  
 Copyright (c) 1988,1990,1992,1993,1995,1998,2003,2009,2015,
            Gaussian, Inc.  All Rights Reserved.
  
 This is part of the Gaussian(R) 09 program.  It is based on
 the Gaussian(R) 03 system (copyright 2003, Gaussian, Inc.),
 the Gaussian(R) 98 system (copyright 1998, Gaussian, Inc.),
 the Gaussian(R) 94 system (copyright 1995, Gaussian, Inc.),
 the Gaussian 92(TM) system (copyright 1992, Gaussian, Inc.),
 the Gaussian 90(TM) system (copyright 1990, Gaussian, Inc.),
 the Gaussian 88(TM) system (copyright 1988, Gaussian, Inc.),
 the Gaussian 86(TM) system (copyright 1986, Carnegie Mellon
 University), and the Gaussian 82(TM) system (copyright 1983,
 Carnegie Mellon University). Gaussian is a federally registered
 trademark of Gaussian, Inc.
  
 This software contains proprietary and confidential information,
 including trade secrets, belonging to Gaussian, Inc.
  
 This software is provided under written license and may be
 used, copied, transmitted, or stored only in accord with that
 written license.
  
 The following legend is applicable only to US Government
 contracts under FAR:
  
                    RESTRICTED RIGHTS LEGEND
  
 Use, reproduction and disclosure by the US Government is
 subject to restrictions as set forth in subparagraphs (a)
 and (c) of the Commercial Computer Software - Restricted
 Rights clause in FAR 52.227-19.
  
 Gaussian, Inc.
 340 Quinnipiac St., Bldg. 40, Wallingford CT 06492
  
  
 ---------------------------------------------------------------
 Warning -- This program may not be used in any manner that
 competes with the business of Gaussian, Inc. or will provide
 assistance to any competitor of Gaussian, Inc.  The licensee
 of this program is prohibited from giving any competitor of
 Gaussian, Inc. access to this program.  By using this program,
 the user acknowledges that Gaussian, Inc. is engaged in the
 business of creating and licensing software in the field of
 computational chemistry and represents and warrants to the
 licensee that it is not a competitor of Gaussian, Inc. and that
 it will not use this program in any manner prohibited above.
 ---------------------------------------------------------------
  

 Cite this work as:
 Gaussian 09, Revision E.01,
 M. J. Frisch, G. W. Trucks, H. B. Schlegel, G. E. Scuseria, 
 M. A. Robb, J. R. Cheeseman, G. Scalmani, V. Barone, B. Mennucci, 
 G. A. Petersson, H. Nakatsuji, M. Caricato, X. Li, H. P. Hratchian, 
 A. F. Izmaylov, J. Bloino, G. Zheng, J. L. Sonnenberg, M. Hada, 
 M. Ehara, K. Toyota, R. Fukuda, J. Hasegawa, M. Ishida, T. Nakajima, 
 Y. Honda, O. Kitao, H. Nakai, T. Vreven, J. A. Montgomery, Jr., 
 J. E. Peralta, F. Ogliaro, M. Bearpark, J. J. Heyd, E. Brothers, 
 K. N. Kudin, V. N. Staroverov, T. Keith, R. Kobayashi, J. Normand, 
 K. Raghavachari, A. Rendell, J. C. Burant, S. S. Iyengar, J. Tomasi, 
 M. Cossi, N. Rega, J. M. Millam, M. Klene, J. E. Knox, J. B. Cross, 
 V. Bakken, C. Adamo, J. Jaramillo, R. Gomperts, R. E. Stratmann, 
 O. Yazyev, A. J. Austin, R. Cammi, C. Pomelli, J. W. Ochterski, 
 R. L. Martin, K. Morokuma, V. G. Zakrzewski, G. A. Voth, 
 P. Salvador, J. J. Dannenberg, S. Dapprich, A. D. Daniels, 
 O. Farkas, J. B. Foresman, J. V. Ortiz, J. Cioslowski, 
 and D. J. Fox, Gaussian, Inc., Wallingford CT, 2013.
 
 ******************************************
 Gaussian 09:  ES64L-G09RevE.01 30-Nov-2015
                 7-Mar-2019 
 ******************************************
 Default route:  MAXDISK=1700GB
 --------------------
 # nmr=mixed hf/3-21g
 --------------------
 1/38=1/1;
 2/12=2,17=6,18=5,40=1/2;
 3/5=5,10=1100000,11=9,16=1,25=1,30=1/1,2,8,3;
 4//1;
 5/5=2,38=5/2;
 8/6=1,10=90,11=11/1;
 10/13=100,45=16,47=3/2;
 6/7=2,8=2,9=2,10=2,28=1/1;
 99/9=1/99;
 ------------
 Formaldehyde
 ------------
 Symbolic Z-matrix:
 Charge =  0 Multiplicity = 1
 C                    -0.49738   0.72775   0. 
 H                     0.03578  -0.19996   0. 
 H                    -1.56738   0.72775   0. 
 O                     0.12966   1.8188    0. 
 
                          Input orientation:                          
 ---------------------------------------------------------------------
 Center     Atomic      Atomic             Coordinates (Angstroms)
 Number     Number       Type             X           Y           Z
 ---------------------------------------------------------------------
      1          6           0       -0.497382    0.727749    0.000000
      2          1           0        0.035782   -0.199956    0.000000
      3          1           0       -1.567382    0.727749    0.000000
      4          8           0        0.129658    1.818799    0.000000
 ---------------------------------------------------------------------
                    Distance matrix (angstroms):
                    1          2          3          4
     1  C    0.000000
     2  H    1.070000   0.000000
     3  H    1.070000   1.852234   0.000000
     4  O    1.258400   2.020937   2.017508   0.000000
 Stoichiometry    CH2O
 Framework group  CS[SG(CH2O)]
 Deg. of freedom     5
 Full point group                 CS      NOp   2
 Largest Abelian subgroup         CS      NOp   2
 Largest concise Abelian subgroup C1      NOp   1
                         Standard orientation:                         
 ---------------------------------------------------------------------
 Center     Atomic      Atomic             Coordinates (Angstroms)
 Number     Number       Type             X           Y           Z
 ---------------------------------------------------------------------
      1          6           0        0.000199    0.562211    0.000000
      2          1           0        0.924720    1.100877    0.000000
      3          1           0       -0.927506    1.095374    0.000000
      4          8           0        0.000199   -0.696189   -0.000000
 ---------------------------------------------------------------------
 Rotational constants (GHZ):    292.3297840     36.5731199     32.5062871
 Standard basis: 3-21G (6D, 7F)
 Converting basis for Fermi contact spin-spin IFCMod=1.
 AO basis functions are being uncontracted.
 There are    42 symmetry adapted cartesian basis functions of A'  symmetry.
 There are     6 symmetry adapted cartesian basis functions of A"  symmetry.
 There are    42 symmetry adapted basis functions of A'  symmetry.
 There are     6 symmetry adapted basis functions of A"  symmetry.
    48 basis functions,    48 primitive gaussians,    48 cartesian basis functions
     8 alpha electrons        8 beta electrons
       nuclear repulsion energy        30.5982777181 Hartrees.
 NAtoms=    4 NActive=    4 NUniq=    4 SFac= 1.00D+00 NAtFMM=   60 NAOKFM=F Big=F
 Integral buffers will be    131072 words long.
 Raffenetti 1 integral format.
 Two-electron integral symmetry is turned on.
 One-electron integrals computed using PRISM.
 NBasis=    48 RedAO= T EigKep=  7.02D-03  NBF=    42     6
 NBsUse=    48 1.00D-06 EigRej= -1.00D+00 NBFU=    42     6
 ExpMin= 1.83D-01 ExpMax= 2.90D+03 ExpMxC= 2.90D+03 IAcc=4 IRadAn=    199590 AccDes= 0.00D+00
 Harris functional with IExCor=  205 and IRadAn=  199590 diagonalized for initial guess.
 HarFok:  IExCor=  205 AccDes= 0.00D+00 IRadAn=    199590 IDoV= 1 UseB2=F ITyADJ=14
 ICtDFT=  3500011 ScaDFX=  1.000000  1.000000  1.000000  1.000000
 FoFCou: FMM=F IPFlag=           0 FMFlag=      100000 FMFlg1=           0
         NFxFlg=           0 DoJE=T BraDBF=F KetDBF=T FulRan=T
         wScrn=  0.000000 ICntrl=     500 IOpCl=  0 I1Cent=   200000004 NGrid=           0
         NMat0=    1 NMatS0=      1 NMatT0=    0 NMatD0=    1 NMtDS0=    0 NMtDT0=    0
 Petite list used in FoFCou.
 Initial guess orbital symmetries:
       Occupied  (A') (A') (A') (A') (A') (A') (A") (A')
       Virtual   (A") (A') (A') (A') (A") (A') (A') (A') (A') (A')
                 (A") (A') (A') (A') (A") (A') (A') (A') (A') (A')
                 (A") (A') (A') (A') (A') (A') (A') (A') (A') (A')
                 (A') (A') (A') (A') (A') (A') (A') (A') (A') (A')
 The electronic state of the initial guess is 1-A'.
 Keep R1 ints in memory in symmetry-blocked form, NReq=1531855.
 Requested convergence on RMS density matrix=1.00D-08 within 128 cycles.
 Requested convergence on MAX density matrix=1.00D-06.
 Requested convergence on             energy=1.00D-06.
 No special actions if energy rises.
 SCF Done:  E(RHF) =  -113.447431604     A.U. after   11 cycles
            NFock= 11  Conv=0.19D-08     -V/T= 2.0019
 Range of M.O.s used for correlation:     1    48
 NBasis=    48 NAE=     8 NBE=     8 NFC=     0 NFV=     0
 NROrb=     48 NOA=     8 NOB=     8 NVA=    40 NVB=    40
          IDoAtm=1111
          Differentiating once with respect to Fermi-contact.
          Electric field/nuclear overlap derivatives assumed to be zero.
 Keep R1, R2, and R3 ints in memory in symmetry-blocked form, NReq=2781446.
          There are     4 degrees of freedom in the 1st order CPHF.  IDoFFX=0 NUNeed=     4.
      4 vectors produced by pass  0 Test12= 8.00D-19 2.50D-10 XBig12= 2.48D+01 2.32D+00.
 AX will form     4 AO Fock derivatives at one time.
      4 vectors produced by pass  1 Test12= 8.00D-19 2.50D-10 XBig12= 6.14D-01 3.23D-01.
      4 vectors produced by pass  2 Test12= 8.00D-19 2.50D-10 XBig12= 1.58D-02 4.79D-02.
      4 vectors produced by pass  3 Test12= 8.00D-19 2.50D-10 XBig12= 9.82D-04 1.76D-02.
      4 vectors produced by pass  4 Test12= 8.00D-19 2.50D-10 XBig12= 3.34D-05 1.86D-03.
      4 vectors produced by pass  5 Test12= 8.00D-19 2.50D-10 XBig12= 2.56D-07 1.97D-04.
      4 vectors produced by pass  6 Test12= 8.00D-19 2.50D-10 XBig12= 2.10D-09 1.85D-05.
      4 vectors produced by pass  7 Test12= 8.00D-19 2.50D-10 XBig12= 3.53D-11 1.79D-06.
      4 vectors produced by pass  8 Test12= 8.00D-19 2.50D-10 XBig12= 1.44D-13 1.70D-07.
      4 vectors produced by pass  9 Test12= 8.00D-19 2.50D-10 XBig12= 2.26D-16 5.59D-09.
      2 vectors produced by pass 10 Test12= 8.00D-19 2.50D-10 XBig12= 2.04D-18 5.46D-10.
 InvSVY:  IOpt=1 It=  1 EMax= 1.78D-15
 Solved reduced A of dimension    42 with     4 vectors.
 Fermi Contact (FC) contribution to K (Hz):
                1             2             3             4 
      1  0.123400D+11
      2  0.208778D+02  0.123400D+11
      3  0.208186D+02  0.150084D+01  0.123400D+11
      4 -0.482139D+02  0.481145D+01  0.482167D+01  0.123400D+11
 Fermi Contact (FC) contribution to J (Hz):
                1             2             3             4 
      1  0.243533D+11
      2  0.163826D+03  0.385007D+12
      3  0.163361D+03  0.468260D+02  0.385007D+12
      4  0.513083D+02 -0.203586D+02 -0.204018D+02  0.708114D+10
 End of Minotr F.D. properties file   721 does not exist.
 End of Minotr F.D. properties file   722 does not exist.
 End of Minotr F.D. properties file   788 does not exist.

 **********************************************************************

            Population analysis using the SCF density.

 **********************************************************************

 Orbital symmetries:
       Occupied  (A') (A') (A') (A') (A') (A') (A") (A')
       Virtual   (A") (A') (A') (A') (A') (A") (A') (A') (A') (A')
                 (A") (A') (A') (A') (A") (A') (A') (A') (A') (A')
                 (A") (A') (A') (A') (A') (A') (A') (A') (A') (A')
                 (A') (A') (A') (A') (A') (A') (A') (A') (A') (A')
 The electronic state is 1-A'.
 Alpha  occ. eigenvalues --  -20.54763 -11.32529  -1.38363  -0.87822  -0.69646
 Alpha  occ. eigenvalues --   -0.61837  -0.50223  -0.44034
 Alpha virt. eigenvalues --    0.13354   0.27629   0.36505   0.43813   0.88455
 Alpha virt. eigenvalues --    0.89264   0.91139   1.02981   1.19956   1.38660
 Alpha virt. eigenvalues --    1.79558   1.81056   1.89949   2.86559   5.72046
 Alpha virt. eigenvalues --    5.91688   5.91778   7.79348   7.80919   8.97737
 Alpha virt. eigenvalues --   11.35213  11.42290  11.47901  17.79439  35.31322
 Alpha virt. eigenvalues --   35.31888  38.33037  73.78457 122.58104 122.58820
 Alpha virt. eigenvalues --  238.84538 394.86931 394.87680 449.914601125.32534
 Alpha virt. eigenvalues -- 1291.920581291.927812109.727634150.842317774.16369
          Condensed to atoms (all electrons):
               1          2          3          4
     1  C    4.768153   0.329262   0.330120   0.472633
     2  H    0.329262   0.597006  -0.062536  -0.049791
     3  H    0.330120  -0.062536   0.596759  -0.050232
     4  O    0.472633  -0.049791  -0.050232   8.099169
 Mulliken charges:
               1
     1  C    0.099831
     2  H    0.186058
     3  H    0.185889
     4  O   -0.471779
 Sum of Mulliken charges =  -0.00000
 Mulliken charges with hydrogens summed into heavy atoms:
               1
     1  C    0.471779
     4  O   -0.471779
 Electronic spatial extent (au):  <R**2>=             61.3481
 Charge=             -0.0000 electrons
 Dipole moment (field-independent basis, Debye):
    X=              0.0005    Y=              2.8166    Z=              0.0000  Tot=              2.8166
 Quadrupole moment (field-independent basis, Debye-Ang):
   XX=            -11.2464   YY=            -12.0986   ZZ=            -11.6134
   XY=              0.0048   XZ=              0.0000   YZ=             -0.0000
 Traceless Quadrupole moment (field-independent basis, Debye-Ang):
   XX=              0.4064   YY=             -0.4458   ZZ=              0.0394
   XY=              0.0048   XZ=              0.0000   YZ=             -0.0000
 Octapole moment (field-independent basis, Debye-Ang**2):
  XXX=             -0.0041  YYY=             -0.3315  ZZZ=             -0.0000  XYY=              0.0078
  XXY=              0.3466  XXZ=              0.0000  XZZ=              0.0007  YZZ=             -1.0181
  YYZ=              0.0000  XYZ=             -0.0000
 Hexadecapole moment (field-independent basis, Debye-Ang**3):
 XXXX=            -15.7250 YYYY=            -43.8369 ZZZZ=             -9.2327 XXXY=             -0.0037
 XXXZ=              0.0000 YYYX=              0.0128 YYYZ=             -0.0000 ZZZX=              0.0000
 ZZZY=             -0.0000 XXYY=             -9.2588 XXZZ=             -4.4106 YYZZ=             -8.8902
 XXYZ=             -0.0000 YYXZ=              0.0000 ZZXY=             -0.0007
 N-N= 3.059827771806D+01 E-N=-3.285442167204D+02  KE= 1.132371439332D+02
 Symmetry A'   KE= 1.099245776731D+02
 Symmetry A"   KE= 3.312566260009D+00
 1\1\ WCSS.PL-BEM-WN1613\SP\RHF\Gen\C1H2O1\ROOT\07-Mar-2019\0\\# nmr=mi
 xed hf/3-21g\\Formaldehyde\\0,1\C,0,-0.49738219,0.72774868,0.\H,0,0.03
 578156,-0.19995624,0.\H,0,-1.56738219,0.72774868,0.\O,0,0.12965824,1.8
 1879903,0.\\Version=ES64L-G09RevE.01\State=1-A'\HF=-113.4474316\RMSD=1
 .879e-09\Dipole=-0.5519985,-0.9608463,0.\Quadrupole=0.1417716,-0.17105
 75,0.0292859,-0.2754942,0.,0.\PG=CS [SG(C1H2O1)]\\@


 Where a calculator on the ENIAC is equipped with 18,000
 vacuum tubes and weighs 30 tons, computers inthe future
 may  have only 1,000 vacuum tubes and weigh only 1 1/2 tons.
              ---Popular Mechanics, March 1949
 Job cpu time:       0 days  0 hours  0 minutes  1.6 seconds.
 File lengths (MBytes):  RWF=      5 Int=      0 D2E=      0 Chk=      1 Scr=      1
 Normal termination of Gaussian 09 at Thu Mar  7 09:58:31 2019.
 Link1:  Proceeding to internal job step number  2.
 ----------------------------------------------------------------------
 #N Geom=AllCheck Guess=TCheck SCRF=Check GenChk RHF/ChkBas NMR=ReadFC 
 IOp(3/6=22)
 ----------------------------------------------------------------------
 1/29=7,38=1,40=1/1;
 2/12=2,40=1/2;
 3/5=7,6=22,11=1,14=-4,16=1,25=1,30=1,67=1,70=2,82=7,116=1/1,2,8,3;
 4/5=101/1;
 5/5=2,38=6/2;
 8/6=1,10=90,11=11/1;
 10/13=100,45=16,47=4/2;
 6/7=2,8=2,9=2,10=2,28=1/1;
 99/9=1/99;
 Structure from the checkpoint file:  "/scratch/pbs.8340460.achilles/Gau-172137.chk"
 ------------
 Formaldehyde
 ------------
 Charge =  0 Multiplicity = 1
 Z-Matrix found in file.
 C,0,-0.49738219,0.72774868,0.
 H,0,0.03578156,-0.19995624,0.
 H,0,-1.56738219,0.72774868,0.
 O,0,0.12965824,1.81879903,0.
 Recover connectivity data from disk.
                          Input orientation:                          
 ---------------------------------------------------------------------
 Center     Atomic      Atomic             Coordinates (Angstroms)
 Number     Number       Type             X           Y           Z
 ---------------------------------------------------------------------
      1          6           0       -0.497382    0.727749   -0.000000
      2          1           0        0.035782   -0.199956   -0.000000
      3          1           0       -1.567382    0.727749   -0.000000
      4          8           0        0.129658    1.818799    0.000000
 ---------------------------------------------------------------------
                    Distance matrix (angstroms):
                    1          2          3          4
     1  C    0.000000
     2  H    1.070000   0.000000
     3  H    1.070000   1.852234   0.000000
     4  O    1.258400   2.020937   2.017508   0.000000
 Stoichiometry    CH2O
 Framework group  CS[SG(CH2O)]
 Deg. of freedom     5
 Full point group                 CS      NOp   2
 Largest Abelian subgroup         CS      NOp   2
 Largest concise Abelian subgroup C1      NOp   1
                         Standard orientation:                         
 ---------------------------------------------------------------------
 Center     Atomic      Atomic             Coordinates (Angstroms)
 Number     Number       Type             X           Y           Z
 ---------------------------------------------------------------------
      1          6           0        0.000199    0.562211   -0.000000
      2          1           0        0.924720    1.100877   -0.000000
      3          1           0       -0.927506    1.095374    0.000000
      4          8           0        0.000199   -0.696189   -0.000000
 ---------------------------------------------------------------------
 Rotational constants (GHZ):    292.3297840     36.5731199     32.5062871
 Basis read from chk: "/scratch/pbs.8340460.achilles/Gau-172137.chk" (6D, 7F)
 There are    18 symmetry adapted cartesian basis functions of A'  symmetry.
 There are     4 symmetry adapted cartesian basis functions of A"  symmetry.
 There are    18 symmetry adapted basis functions of A'  symmetry.
 There are     4 symmetry adapted basis functions of A"  symmetry.
    22 basis functions,    36 primitive gaussians,    22 cartesian basis functions
     8 alpha electrons        8 beta electrons
       nuclear repulsion energy        30.5982777181 Hartrees.
 NAtoms=    4 NActive=    4 NUniq=    4 SFac= 1.00D+00 NAtFMM=   60 NAOKFM=F Big=F
 Integral buffers will be    131072 words long.
 Raffenetti 1 integral format.
 Two-electron integral symmetry is turned on.
 One-electron integrals computed using PRISM.
 NBasis=    22 RedAO= T EigKep=  6.11D-02  NBF=    18     4
 NBsUse=    22 1.00D-06 EigRej= -1.00D+00 NBFU=    18     4
 Initial guess from the checkpoint file:  "/scratch/pbs.8340460.achilles/Gau-172137.chk"
 B after Tr=    -0.000000    0.000000    0.000000
         Rot=    1.000000   -0.000000   -0.000000    0.000000 Ang=   0.00 deg.
 Initial guess orbital symmetries:
       Occupied  (A') (A') (A') (A') (A') (A') (A") (A')
       Virtual   (A") (A') (A') (A') (A') (A") (A') (A') (A') (A')
                 (A") (A') (A') (A')
 Keep R1 ints in memory in symmetry-blocked form, NReq=857309.
 Requested convergence on RMS density matrix=1.00D-08 within 128 cycles.
 Requested convergence on MAX density matrix=1.00D-06.
 Requested convergence on             energy=1.00D-06.
 No special actions if energy rises.
 SCF Done:  E(RHF) =  -113.217409254     A.U. after   10 cycles
            NFock= 10  Conv=0.27D-08     -V/T= 2.0040
 Range of M.O.s used for correlation:     1    22
 NBasis=    22 NAE=     8 NBE=     8 NFC=     0 NFV=     0
 NROrb=     22 NOA=     8 NOB=     8 NVA=    14 NVB=    14
          IDoAtm=1111
          Differentiating once with respect to magnetic field using GIAOs.
          Differentiating once with respect to nuclear magnetic moments.
          Differentiating once with respect to Fermi-contact and electric field gradient.
          Electric field/nuclear overlap derivatives assumed to be zero.
 Keep R1, R2, and R3 ints in memory in symmetry-blocked form, NReq=1458876.
 FoFJK:  IHMeth= 1 ICntrl=    6127 DoSepK=F KAlg= 0 I1Cent=   0 FoldK=F
 IRaf=         1 NMat=   1 IRICut=       1 DoRegI=T DoRafI=F ISym2E= 0.
          There are    15 degrees of freedom in the 1st order CPHF.  IDoFFX=0 NUNeed=    15.
     15 vectors produced by pass  0 Test12= 7.47D-16 6.67D-09 XBig12= 1.26D+01 1.91D+00.
 AX will form    15 AO Fock derivatives at one time.
     15 vectors produced by pass  1 Test12= 7.47D-16 6.67D-09 XBig12= 1.35D-01 1.46D-01.
     15 vectors produced by pass  2 Test12= 7.47D-16 6.67D-09 XBig12= 3.00D-04 7.48D-03.
      7 vectors produced by pass  3 Test12= 7.47D-16 6.67D-09 XBig12= 6.55D-07 3.15D-04.
      5 vectors produced by pass  4 Test12= 7.47D-16 6.67D-09 XBig12= 1.90D-09 1.51D-05.
      5 vectors produced by pass  5 Test12= 7.47D-16 6.67D-09 XBig12= 3.52D-12 9.50D-07.
      4 vectors produced by pass  6 Test12= 7.47D-16 6.67D-09 XBig12= 1.06D-14 6.20D-08.
 InvSVY:  IOpt=1 It=  1 EMax= 1.11D-15
 Solved reduced A of dimension    66 with    15 vectors.
 Calculating GIAO nuclear magnetic shielding tensors.
 SCF GIAO Magnetic shielding tensor (ppm):
      1  C    Isotropic =     6.5509   Anisotropy =   218.4892
   XX=  -131.2928   YX=    -0.4792   ZX=    -0.0000
   XY=    -0.3284   YY=    -1.2648   ZY=     0.0000
   XZ=    -0.0000   YZ=     0.0000   ZZ=   152.2104
   Eigenvalues:  -131.2941    -1.2636   152.2104
      2  H    Isotropic =    21.8561   Anisotropy =     5.9560
   XX=    18.6228   YX=    -3.4378   ZX=     0.0000
   XY=     1.7876   YY=    21.1187   ZY=     0.0000
   XZ=     0.0000   YZ=    -0.0000   ZZ=    25.8268
   Eigenvalues:    18.3747    21.3669    25.8268
      3  H    Isotropic =    21.8602   Anisotropy =     5.8977
   XX=    18.5986   YX=     3.3605   ZX=     0.0000
   XY=    -1.8388   YY=    21.1901   ZY=    -0.0000
   XZ=     0.0000   YZ=     0.0000   ZZ=    25.7921
   Eigenvalues:    18.3917    21.3970    25.7921
      4  O    Isotropic =  -602.8143   Anisotropy =  1580.7327
   XX=  -740.3236   YX=    -0.5321   ZX=     0.0000
   XY=    -2.7583   YY= -1519.1269   ZY=     0.0000
   XZ=    -0.0000   YZ=     0.0000   ZZ=   451.0075
   Eigenvalues: -1519.1303  -740.3202   451.0075
          There are    24 degrees of freedom in the 1st order CPHF.  IDoFFX=0 NUNeed=    24.
     20 vectors produced by pass  0 Test12= 4.67D-16 4.17D-09 XBig12= 6.63D+00 1.46D+00.
     20 vectors produced by pass  1 Test12= 4.67D-16 4.17D-09 XBig12= 4.86D-02 1.49D-01.
     20 vectors produced by pass  2 Test12= 4.67D-16 4.17D-09 XBig12= 1.04D-04 4.65D-03.
     18 vectors produced by pass  3 Test12= 4.67D-16 4.17D-09 XBig12= 1.77D-07 1.97D-04.
     14 vectors produced by pass  4 Test12= 4.67D-16 4.17D-09 XBig12= 3.27D-10 8.69D-06.
      8 vectors produced by pass  5 Test12= 4.67D-16 4.17D-09 XBig12= 1.75D-13 2.29D-07.
      1 vectors produced by pass  6 Test12= 4.67D-16 4.17D-09 XBig12= 1.25D-16 6.09D-09.
 InvSVY:  IOpt=1 It=  1 EMax= 1.37D-15
 Solved reduced A of dimension   101 with    20 vectors.
 Fermi Contact contribution taken from checkpoint file:
 "/scratch/pbs.8340460.achilles/Gau-172137.chk"
 There are a total of       30676 grid points.
 ElSum from          density=       32.0000093326
 Fermi Contact (FC) contribution to K (Hz):
                1             2             3             4 
      1  0.000000D+00
      2  0.208778D+02  0.000000D+00
      3  0.208186D+02  0.150084D+01  0.000000D+00
      4 -0.482139D+02  0.481145D+01  0.482167D+01  0.000000D+00
 Fermi Contact (FC) contribution to J (Hz):
                1             2             3             4 
      1  0.000000D+00
      2  0.163826D+03  0.000000D+00
      3  0.163361D+03  0.468260D+02  0.000000D+00
      4  0.513083D+02 -0.203586D+02 -0.204018D+02  0.000000D+00
 Spin-dipolar (SD) contribution to K (Hz):
                1             2             3             4 
      1  0.000000D+00
      2 -0.300575D-01  0.000000D+00
      3 -0.295376D-01  0.746272D-02  0.000000D+00
      4 -0.183201D+02  0.127732D+00  0.129243D+00  0.000000D+00
 Spin-dipolar (SD) contribution to J (Hz):
                1             2             3             4 
      1  0.000000D+00
      2 -0.235859D+00  0.000000D+00
      3 -0.231779D+00  0.232836D+00  0.000000D+00
      4  0.194959D+02 -0.540469D+00 -0.546863D+00  0.000000D+00
 Paramagnetic spin-orbit (PSO) contribution to K (Hz):
                1             2             3             4 
      1  0.000000D+00
      2 -0.154256D+00  0.000000D+00
      3 -0.153564D+00  0.391739D-01  0.000000D+00
      4 -0.224745D+02 -0.130954D+01 -0.131180D+01  0.000000D+00
 Paramagnetic spin-orbit (PSO) contribution to J (Hz):
                1             2             3             4 
      1  0.000000D+00
      2 -0.121043D+01  0.000000D+00
      3 -0.120500D+01  0.122222D+01  0.000000D+00
      4  0.239170D+02  0.554100D+01  0.555058D+01  0.000000D+00
 Diamagnetic spin-orbit (DSO) contribution to K (Hz):
                1             2             3             4 
      1  0.000000D+00
      2  0.862468D-01  0.000000D+00
      3  0.863419D-01 -0.121680D+00  0.000000D+00
      4  0.579342D-01 -0.922009D-01 -0.916425D-01  0.000000D+00
 Diamagnetic spin-orbit (DSO) contribution to J (Hz):
                1             2             3             4 
      1  0.000000D+00
      2  0.676770D+00  0.000000D+00
      3  0.677517D+00 -0.379640D+01  0.000000D+00
      4 -0.616524D-01  0.390127D+00  0.387765D+00  0.000000D+00
 Total nuclear spin-spin coupling K (Hz): 
                1             2             3             4 
      1  0.000000D+00
      2  0.207797D+02  0.000000D+00
      3  0.207218D+02  0.142579D+01  0.000000D+00
      4 -0.889505D+02  0.353745D+01  0.354747D+01  0.000000D+00
 Total nuclear spin-spin coupling J (Hz): 
                1             2             3             4 
      1  0.000000D+00
      2  0.163056D+03  0.000000D+00
      3  0.162602D+03  0.444847D+02  0.000000D+00
      4  0.946594D+02 -0.149679D+02 -0.150103D+02  0.000000D+00
 End of Minotr F.D. properties file   721 does not exist.
 End of Minotr F.D. properties file   722 does not exist.
 End of Minotr F.D. properties file   788 does not exist.

 **********************************************************************

            Population analysis using the SCF density.

 **********************************************************************

 Orbital symmetries:
       Occupied  (A') (A') (A') (A') (A') (A') (A") (A')
       Virtual   (A") (A') (A') (A') (A") (A') (A') (A') (A') (A')
                 (A") (A') (A') (A')
 The electronic state is 1-A'.
 Alpha  occ. eigenvalues --  -20.48231 -11.28166  -1.38160  -0.87703  -0.69750
 Alpha  occ. eigenvalues --   -0.61810  -0.50309  -0.44070
 Alpha virt. eigenvalues --    0.13309   0.27827   0.36642   0.44280   0.93771
 Alpha virt. eigenvalues --    0.98973   1.01588   1.12899   1.30065   1.58116
 Alpha virt. eigenvalues --    1.86710   1.93210   1.97891   3.28240
          Condensed to atoms (all electrons):
               1          2          3          4
     1  C    4.769258   0.334016   0.334848   0.468009
     2  H    0.334016   0.584993  -0.062097  -0.050362
     3  H    0.334848  -0.062097   0.584795  -0.050825
     4  O    0.468009  -0.050362  -0.050825   8.113777
 Mulliken charges:
               1
     1  C    0.093868
     2  H    0.193451
     3  H    0.193280
     4  O   -0.480599
 Sum of Mulliken charges =   0.00000
 Mulliken charges with hydrogens summed into heavy atoms:
               1
     1  C    0.480599
     4  O   -0.480599
 Electronic spatial extent (au):  <R**2>=             61.4444
 Charge=              0.0000 electrons
 Dipole moment (field-independent basis, Debye):
    X=              0.0004    Y=              2.8390    Z=              0.0000  Tot=              2.8390
 Quadrupole moment (field-independent basis, Debye-Ang):
   XX=            -11.2753   YY=            -12.1593   ZZ=            -11.6535
   XY=              0.0047   XZ=             -0.0000   YZ=             -0.0000
 Traceless Quadrupole moment (field-independent basis, Debye-Ang):
   XX=              0.4207   YY=             -0.4633   ZZ=              0.0425
   XY=              0.0047   XZ=             -0.0000   YZ=             -0.0000
 Octapole moment (field-independent basis, Debye-Ang**2):
  XXX=             -0.0043  YYY=             -0.3111  ZZZ=             -0.0000  XYY=              0.0078
  XXY=              0.3273  XXZ=              0.0000  XZZ=              0.0007  YZZ=             -1.0631
  YYZ=             -0.0000  XYZ=             -0.0000
 Hexadecapole moment (field-independent basis, Debye-Ang**3):
 XXXX=            -15.8676 YYYY=            -44.1014 ZZZZ=             -9.3060 XXXY=             -0.0039
 XXXZ=              0.0000 YYYX=              0.0128 YYYZ=             -0.0000 ZZZX=              0.0000
 ZZZY=              0.0000 XXYY=             -9.2986 XXZZ=             -4.4519 YYZZ=             -8.9431
 XXYZ=              0.0000 YYXZ=             -0.0000 ZZXY=             -0.0007
 N-N= 3.059827771806D+01 E-N=-3.278387562816D+02  KE= 1.127713537745D+02
 Symmetry A'   KE= 1.094707917080D+02
 Symmetry A"   KE= 3.300562066505D+00

 Test job not archived.
 1\1\ WCSS.PL-BEM-WN1613\SP\RHF\Gen\C1H2O1\ROOT\07-Mar-2019\0\\#N Geom=
 AllCheck Guess=TCheck SCRF=Check GenChk RHF/ChkBas NMR=ReadFC IOp(3/6=
 22)\\Formaldehyde\\0,1\C,0,-0.49738219,0.72774868,0.\H,0,0.03578156,-0
 .19995624,0.\H,0,-1.56738219,0.72774868,0.\O,0,0.12965824,1.81879903,0
 .\\Version=ES64L-G09RevE.01\State=1-A'\HF=-113.2174093\RMSD=2.679e-09\
 Dipole=-0.5564276,-0.9684907,0.\Quadrupole=0.1465789,-0.1782082,0.0316
 293,-0.2857196,0.,0.\PG=CS [SG(C1H2O1)]\\@


 IT IS BY LOGIC THAT WE PROVE, BUT BY INTUITION THAT WE DISCOVER.
     -- J.H.POINCARE (1854-1912)
 Job cpu time:       0 days  0 hours  0 minutes  1.7 seconds.
 File lengths (MBytes):  RWF=      5 Int=      0 D2E=      0 Chk=      1 Scr=      1
 Normal termination of Gaussian 09 at Thu Mar  7 09:58:32 2019.
