 Entering Gaussian System, Link 0=/usr/local/gaussian/2009-E.01/g09/g09
 Initial command:
 /usr/local/gaussian/2009-E.01/g09/l1.exe "/scratch/pbs.8340463.achilles/Gau-179365.inp" -scrdir="/scratch/pbs.8340463.achilles/"
 Entering Link 1 = /usr/local/gaussian/2009-E.01/g09/l1.exe PID=    179366.
  
 Copyright (c) 1988,1990,1992,1993,1995,1998,2003,2009,2015,
            Gaussian, Inc.  All Rights Reserved.
  
 This is part of the Gaussian(R) 09 program.  It is based on
 the Gaussian(R) 03 system (copyright 2003, Gaussian, Inc.),
 the Gaussian(R) 98 system (copyright 1998, Gaussian, Inc.),
 the Gaussian(R) 94 system (copyright 1995, Gaussian, Inc.),
 the Gaussian 92(TM) system (copyright 1992, Gaussian, Inc.),
 the Gaussian 90(TM) system (copyright 1990, Gaussian, Inc.),
 the Gaussian 88(TM) system (copyright 1988, Gaussian, Inc.),
 the Gaussian 86(TM) system (copyright 1986, Carnegie Mellon
 University), and the Gaussian 82(TM) system (copyright 1983,
 Carnegie Mellon University). Gaussian is a federally registered
 trademark of Gaussian, Inc.
  
 This software contains proprietary and confidential information,
 including trade secrets, belonging to Gaussian, Inc.
  
 This software is provided under written license and may be
 used, copied, transmitted, or stored only in accord with that
 written license.
  
 The following legend is applicable only to US Government
 contracts under FAR:
  
                    RESTRICTED RIGHTS LEGEND
  
 Use, reproduction and disclosure by the US Government is
 subject to restrictions as set forth in subparagraphs (a)
 and (c) of the Commercial Computer Software - Restricted
 Rights clause in FAR 52.227-19.
  
 Gaussian, Inc.
 340 Quinnipiac St., Bldg. 40, Wallingford CT 06492
  
  
 ---------------------------------------------------------------
 Warning -- This program may not be used in any manner that
 competes with the business of Gaussian, Inc. or will provide
 assistance to any competitor of Gaussian, Inc.  The licensee
 of this program is prohibited from giving any competitor of
 Gaussian, Inc. access to this program.  By using this program,
 the user acknowledges that Gaussian, Inc. is engaged in the
 business of creating and licensing software in the field of
 computational chemistry and represents and warrants to the
 licensee that it is not a competitor of Gaussian, Inc. and that
 it will not use this program in any manner prohibited above.
 ---------------------------------------------------------------
  

 Cite this work as:
 Gaussian 09, Revision E.01,
 M. J. Frisch, G. W. Trucks, H. B. Schlegel, G. E. Scuseria, 
 M. A. Robb, J. R. Cheeseman, G. Scalmani, V. Barone, B. Mennucci, 
 G. A. Petersson, H. Nakatsuji, M. Caricato, X. Li, H. P. Hratchian, 
 A. F. Izmaylov, J. Bloino, G. Zheng, J. L. Sonnenberg, M. Hada, 
 M. Ehara, K. Toyota, R. Fukuda, J. Hasegawa, M. Ishida, T. Nakajima, 
 Y. Honda, O. Kitao, H. Nakai, T. Vreven, J. A. Montgomery, Jr., 
 J. E. Peralta, F. Ogliaro, M. Bearpark, J. J. Heyd, E. Brothers, 
 K. N. Kudin, V. N. Staroverov, T. Keith, R. Kobayashi, J. Normand, 
 K. Raghavachari, A. Rendell, J. C. Burant, S. S. Iyengar, J. Tomasi, 
 M. Cossi, N. Rega, J. M. Millam, M. Klene, J. E. Knox, J. B. Cross, 
 V. Bakken, C. Adamo, J. Jaramillo, R. Gomperts, R. E. Stratmann, 
 O. Yazyev, A. J. Austin, R. Cammi, C. Pomelli, J. W. Ochterski, 
 R. L. Martin, K. Morokuma, V. G. Zakrzewski, G. A. Voth, 
 P. Salvador, J. J. Dannenberg, S. Dapprich, A. D. Daniels, 
 O. Farkas, J. B. Foresman, J. V. Ortiz, J. Cioslowski, 
 and D. J. Fox, Gaussian, Inc., Wallingford CT, 2013.
 
 ******************************************
 Gaussian 09:  ES64L-G09RevE.01 30-Nov-2015
                 7-Mar-2019 
 ******************************************
 Default route:  MAXDISK=1700GB
 -------------
 # td hf/3-21g
 -------------
 1/38=1/1;
 2/12=2,17=6,18=5,40=1/2;
 3/5=5,11=9,16=1,25=1,30=1/1,2,8,3;
 4//1;
 5/5=2,38=5/2;
 8/6=1,10=1/1,4;
 9/42=3,70=2/14;
 6/7=2,8=2,9=2,10=2/1;
 99/5=1,9=1/99;
 ------------
 Formaldehyde
 ------------
 Symbolic Z-matrix:
 Charge =  0 Multiplicity = 1
 C                    -0.49738   0.72775   0. 
 H                     0.03578  -0.19996   0. 
 H                    -1.56738   0.72775   0. 
 O                     0.12966   1.8188    0. 
 
                          Input orientation:                          
 ---------------------------------------------------------------------
 Center     Atomic      Atomic             Coordinates (Angstroms)
 Number     Number       Type             X           Y           Z
 ---------------------------------------------------------------------
      1          6           0       -0.497382    0.727749    0.000000
      2          1           0        0.035782   -0.199956    0.000000
      3          1           0       -1.567382    0.727749    0.000000
      4          8           0        0.129658    1.818799    0.000000
 ---------------------------------------------------------------------
                    Distance matrix (angstroms):
                    1          2          3          4
     1  C    0.000000
     2  H    1.070000   0.000000
     3  H    1.070000   1.852234   0.000000
     4  O    1.258400   2.020937   2.017508   0.000000
 Stoichiometry    CH2O
 Framework group  CS[SG(CH2O)]
 Deg. of freedom     5
 Full point group                 CS      NOp   2
 Largest Abelian subgroup         CS      NOp   2
 Largest concise Abelian subgroup C1      NOp   1
                         Standard orientation:                         
 ---------------------------------------------------------------------
 Center     Atomic      Atomic             Coordinates (Angstroms)
 Number     Number       Type             X           Y           Z
 ---------------------------------------------------------------------
      1          6           0        0.000199    0.562211    0.000000
      2          1           0        0.924720    1.100877    0.000000
      3          1           0       -0.927506    1.095374    0.000000
      4          8           0        0.000199   -0.696189   -0.000000
 ---------------------------------------------------------------------
 Rotational constants (GHZ):    292.3297840     36.5731199     32.5062871
 Standard basis: 3-21G (6D, 7F)
 There are    18 symmetry adapted cartesian basis functions of A'  symmetry.
 There are     4 symmetry adapted cartesian basis functions of A"  symmetry.
 There are    18 symmetry adapted basis functions of A'  symmetry.
 There are     4 symmetry adapted basis functions of A"  symmetry.
    22 basis functions,    36 primitive gaussians,    22 cartesian basis functions
     8 alpha electrons        8 beta electrons
       nuclear repulsion energy        30.5982777181 Hartrees.
 NAtoms=    4 NActive=    4 NUniq=    4 SFac= 1.00D+00 NAtFMM=   60 NAOKFM=F Big=F
 Integral buffers will be    131072 words long.
 Raffenetti 1 integral format.
 Two-electron integral symmetry is turned on.
 One-electron integrals computed using PRISM.
 NBasis=    22 RedAO= T EigKep=  6.11D-02  NBF=    18     4
 NBsUse=    22 1.00D-06 EigRej= -1.00D+00 NBFU=    18     4
 ExpMin= 1.83D-01 ExpMax= 3.22D+02 ExpMxC= 3.22D+02 IAcc=1 IRadAn=         1 AccDes= 0.00D+00
 Harris functional with IExCor=  205 and IRadAn=       1 diagonalized for initial guess.
 HarFok:  IExCor=  205 AccDes= 0.00D+00 IRadAn=         1 IDoV= 1 UseB2=F ITyADJ=14
 ICtDFT=  3500011 ScaDFX=  1.000000  1.000000  1.000000  1.000000
 FoFCou: FMM=F IPFlag=           0 FMFlag=      100000 FMFlg1=           0
         NFxFlg=           0 DoJE=T BraDBF=F KetDBF=T FulRan=T
         wScrn=  0.000000 ICntrl=     500 IOpCl=  0 I1Cent=   200000004 NGrid=           0
         NMat0=    1 NMatS0=      1 NMatT0=    0 NMatD0=    1 NMtDS0=    0 NMtDT0=    0
 Petite list used in FoFCou.
 Initial guess orbital symmetries:
       Occupied  (A') (A') (A') (A') (A') (A') (A") (A')
       Virtual   (A") (A') (A') (A') (A") (A') (A') (A') (A') (A')
                 (A") (A') (A') (A')
 The electronic state of the initial guess is 1-A'.
 Keep R1 ints in memory in symmetry-blocked form, NReq=857309.
 Requested convergence on RMS density matrix=1.00D-08 within 128 cycles.
 Requested convergence on MAX density matrix=1.00D-06.
 Requested convergence on             energy=1.00D-06.
 No special actions if energy rises.
 SCF Done:  E(RHF) =  -113.217409254     A.U. after   11 cycles
            NFock= 11  Conv=0.24D-08     -V/T= 2.0040
 ExpMin= 1.83D-01 ExpMax= 3.22D+02 ExpMxC= 3.22D+02 IAcc=3 IRadAn=         5 AccDes= 0.00D+00
 HarFok:  IExCor=  205 AccDes= 0.00D+00 IRadAn=         5 IDoV=-2 UseB2=F ITyADJ=14
 ICtDFT= 12500011 ScaDFX=  1.000000  1.000000  1.000000  1.000000
 Range of M.O.s used for correlation:     3    22
 NBasis=    22 NAE=     8 NBE=     8 NFC=     2 NFV=     0
 NROrb=     20 NOA=     6 NOB=     6 NVA=    14 NVB=    14
 Semi-Direct transformation.
 ModeAB=           2 MOrb=             6 LenV=      33441686
 LASXX=         9801 LTotXX=        9801 LenRXX=        9801
 LTotAB=       11466 MaxLAS=       30360 LenRXY=       30360
 NonZer=       33240 LenScr=      785920 LnRSAI=           0
 LnScr1=           0 LExtra=      168736 Total=       994817
 MaxDsk=228170137600 SrtSym=           F ITran=            3
 JobTyp=0 Pass  1:  I=   1 to   6.
 (rs|ai) integrals will be sorted in core.
 Spin components of T(2) and E(2):
     alpha-alpha T2 =       0.8913521870D-02 E2=     -0.2647866248D-01
     alpha-beta  T2 =       0.6137290560D-01 E2=     -0.1675826054D+00
     beta-beta   T2 =       0.8913521870D-02 E2=     -0.2647866248D-01
 ANorm=    0.1038845489D+01
 E2 =    -0.2205399304D+00 EUMP2 =    -0.11343794918445D+03
 Orbital symmetries:
       Occupied  (A') (A') (A') (A') (A') (A') (A") (A')
       Virtual   (A") (A') (A') (A') (A") (A') (A') (A') (A') (A')
                 (A") (A') (A') (A')
    12 initial guesses have been made.
 Convergence on wavefunction:    0.001000000000000
 Iteration     1 Dimension    12 NMult     0 NNew     12
 New state      2 was old state      3
 New state      3 was old state      2
 Iteration     2 Dimension    18 NMult    12 NNew      6
 Iteration     3 Dimension    24 NMult    18 NNew      6
 Iteration     4 Dimension    30 NMult    24 NNew      6
 Iteration     5 Dimension    32 NMult    30 NNew      2
 Iteration     6 Dimension    34 NMult    32 NNew      2
 ***********************************************************************
 Excited states from <AA,BB:AA,BB> singles matrix:
 ***********************************************************************
 
 Ground to excited state transition densities written to RWF  633
 Ground to excited state transition electric dipole moments (Au):
       state          X           Y           Z        Dip. S.      Osc.
         1         0.0000      0.0000     -0.0003      0.0000      0.0000
         2         0.0000      0.0000     -0.1410      0.0199      0.0040
         3         0.0011     -0.9134      0.0000      0.8344      0.1869
 Ground to excited state transition velocity dipole moments (Au):
       state          X           Y           Z        Dip. S.      Osc.
         1        -0.0000     -0.0000      0.0000      0.0000      0.0000
         2        -0.0000     -0.0000      0.0998      0.0100      0.0218
         3        -0.0003      0.1897     -0.0000      0.0360      0.0714
 Ground to excited state transition magnetic dipole moments (Au):
       state          X           Y           Z
         1         0.0012      1.1905     -0.0000
         2        -1.7019     -0.0010      0.0000
         3        -0.0000      0.0000     -0.0003
 Ground to excited state transition velocity quadrupole moments (Au):
       state          XX          YY          ZZ          XY          XZ          YZ
         1        -0.0000     -0.0000     -0.0000     -0.0000     -0.0168      0.0001
         2        -0.0000      0.0000     -0.0000     -0.0000      0.0003     -0.1724
         3         0.0403     -0.1485      0.2821     -0.0003     -0.0000     -0.0000
 <0|del|b> * <b|rxdel|0> + <0|del|b> * <b|delr+rdel|0>
 Rotatory Strengths (R) in cgs (10**-40 erg-esu-cm/Gauss)
       state          XX          YY          ZZ    R(velocity)    E-M Angle
         1        -0.0000     -0.0000     -0.0000     -0.0000       90.00
         2         0.0000      0.0000      0.0000      0.0000       90.00
         3         0.0000      0.0000     -0.0000      0.0000       90.00
 1/2[<0|r|b>*<b|rxdel|0> + (<0|rxdel|b>*<b|r|0>)*]
 Rotatory Strengths (R) in cgs (10**-40 erg-esu-cm/Gauss)
       state          XX          YY          ZZ     R(length)
         1        -0.0000     -0.0000     -0.0000     -0.0000
         2         0.0000      0.0000      0.0000      0.0000
         3         0.0000      0.0000      0.0000      0.0000
  1/2[<0|del|b>*<b|r|0> + (<0|r|b>*<b|del|0>)*] (Au)
       state          X           Y           Z        Dip. S.   Osc.(frdel)
         1        -0.0000     -0.0000     -0.0000      0.0000      0.0000
         2        -0.0000     -0.0000     -0.0141      0.0141      0.0094
         3        -0.0000     -0.1733     -0.0000      0.1733      0.1155

 Excitation energies and oscillator strengths:
 
 Excited State   1:      Singlet-A"     3.7983 eV  326.42 nm  f=0.0000  <S**2>=0.000
       5 ->  9         0.10410
       8 ->  9         0.69982
 This state for optimization and/or second-order correction.
 Total Energy, E(TD-HF/TD-KS) =  -113.077825914    
 Copying the excited state density for this state as the 1-particle RhoCI density.
 
 Excited State   2:      Singlet-A"     8.3039 eV  149.31 nm  f=0.0040  <S**2>=0.000
       6 ->  9         0.70461
 
 Excited State   3:      Singlet-A'     9.1437 eV  135.60 nm  f=0.1869  <S**2>=0.000
       6 -> 12         0.12121
       7 ->  9         0.68192
       8 -> 11        -0.11535
 SavETr:  write IOETrn=   770 NScale= 10 NData=  16 NLR=1 NState=    3 LETran=      64.

 **********************************************************************

            Population analysis using the SCF density.

 **********************************************************************

 Orbital symmetries:
       Occupied  (A') (A') (A') (A') (A') (A') (A") (A')
       Virtual   (A") (A') (A') (A') (A") (A') (A') (A') (A') (A')
                 (A") (A') (A') (A')
 The electronic state is 1-A'.
 Alpha  occ. eigenvalues --  -20.48231 -11.28166  -1.38160  -0.87703  -0.69750
 Alpha  occ. eigenvalues --   -0.61810  -0.50309  -0.44070
 Alpha virt. eigenvalues --    0.13309   0.27827   0.36642   0.44280   0.93771
 Alpha virt. eigenvalues --    0.98973   1.01588   1.12899   1.30065   1.58116
 Alpha virt. eigenvalues --    1.86710   1.93210   1.97891   3.28240
          Condensed to atoms (all electrons):
               1          2          3          4
     1  C    4.769258   0.334016   0.334848   0.468009
     2  H    0.334016   0.584993  -0.062097  -0.050362
     3  H    0.334848  -0.062097   0.584795  -0.050825
     4  O    0.468009  -0.050362  -0.050825   8.113777
 Mulliken charges:
               1
     1  C    0.093868
     2  H    0.193451
     3  H    0.193280
     4  O   -0.480599
 Sum of Mulliken charges =  -0.00000
 Mulliken charges with hydrogens summed into heavy atoms:
               1
     1  C    0.480599
     4  O   -0.480599
 Electronic spatial extent (au):  <R**2>=             61.4444
 Charge=             -0.0000 electrons
 Dipole moment (field-independent basis, Debye):
    X=              0.0004    Y=              2.8390    Z=              0.0000  Tot=              2.8390
 Quadrupole moment (field-independent basis, Debye-Ang):
   XX=            -11.2753   YY=            -12.1593   ZZ=            -11.6535
   XY=              0.0047   XZ=             -0.0000   YZ=             -0.0000
 Traceless Quadrupole moment (field-independent basis, Debye-Ang):
   XX=              0.4207   YY=             -0.4633   ZZ=              0.0425
   XY=              0.0047   XZ=             -0.0000   YZ=             -0.0000
 Octapole moment (field-independent basis, Debye-Ang**2):
  XXX=             -0.0043  YYY=             -0.3111  ZZZ=             -0.0000  XYY=              0.0078
  XXY=              0.3273  XXZ=              0.0000  XZZ=              0.0007  YZZ=             -1.0631
  YYZ=              0.0000  XYZ=             -0.0000
 Hexadecapole moment (field-independent basis, Debye-Ang**3):
 XXXX=            -15.8676 YYYY=            -44.1014 ZZZZ=             -9.3060 XXXY=             -0.0039
 XXXZ=              0.0000 YYYX=              0.0128 YYYZ=             -0.0000 ZZZX=              0.0000
 ZZZY=             -0.0000 XXYY=             -9.2986 XXZZ=             -4.4519 YYZZ=             -8.9431
 XXYZ=             -0.0000 YYXZ=             -0.0000 ZZXY=             -0.0007
 N-N= 3.059827771806D+01 E-N=-3.278387562987D+02  KE= 1.127713537847D+02
 Symmetry A'   KE= 1.094707917202D+02
 Symmetry A"   KE= 3.300562064505D+00
 1\1\ WCSS.PL-BEM-WN1657\SP\RTD-FC\3-21G\C1H2O1\ROOT\07-Mar-2019\0\\# t
 d hf/3-21g\\Formaldehyde\\0,1\C,0,-0.49738219,0.72774868,0.\H,0,0.0357
 8156,-0.19995624,0.\H,0,-1.56738219,0.72774868,0.\O,0,0.12965824,1.818
 79903,0.\\Version=ES64L-G09RevE.01\State=1-A'\HF=-113.2174093\MP2=-113
 .4379492\RMSD=2.351e-09\PG=CS [SG(C1H2O1)]\\@


 THAT'S WHAT MAKES US A GREAT COUNTRY.
 THE LITTLE THINGS ARE SERIOUS AND THE BIG ONES ARE NOT.
           WILL ROGERS
 Job cpu time:       0 days  0 hours  0 minutes  1.0 seconds.
 File lengths (MBytes):  RWF=     13 Int=      0 D2E=      0 Chk=      1 Scr=      1
 Normal termination of Gaussian 09 at Thu Mar  7 09:58:30 2019.
