 Entering Gaussian System, Link 0=/usr/local/gaussian/2009-E.01/g09/g09
 Initial command:
 /usr/local/gaussian/2009-E.01/g09/l1.exe "/scratch/pbs.8340457.achilles/Gau-173079.inp" -scrdir="/scratch/pbs.8340457.achilles/"
 Entering Link 1 = /usr/local/gaussian/2009-E.01/g09/l1.exe PID=    173080.
  
 Copyright (c) 1988,1990,1992,1993,1995,1998,2003,2009,2015,
            Gaussian, Inc.  All Rights Reserved.
  
 This is part of the Gaussian(R) 09 program.  It is based on
 the Gaussian(R) 03 system (copyright 2003, Gaussian, Inc.),
 the Gaussian(R) 98 system (copyright 1998, Gaussian, Inc.),
 the Gaussian(R) 94 system (copyright 1995, Gaussian, Inc.),
 the Gaussian 92(TM) system (copyright 1992, Gaussian, Inc.),
 the Gaussian 90(TM) system (copyright 1990, Gaussian, Inc.),
 the Gaussian 88(TM) system (copyright 1988, Gaussian, Inc.),
 the Gaussian 86(TM) system (copyright 1986, Carnegie Mellon
 University), and the Gaussian 82(TM) system (copyright 1983,
 Carnegie Mellon University). Gaussian is a federally registered
 trademark of Gaussian, Inc.
  
 This software contains proprietary and confidential information,
 including trade secrets, belonging to Gaussian, Inc.
  
 This software is provided under written license and may be
 used, copied, transmitted, or stored only in accord with that
 written license.
  
 The following legend is applicable only to US Government
 contracts under FAR:
  
                    RESTRICTED RIGHTS LEGEND
  
 Use, reproduction and disclosure by the US Government is
 subject to restrictions as set forth in subparagraphs (a)
 and (c) of the Commercial Computer Software - Restricted
 Rights clause in FAR 52.227-19.
  
 Gaussian, Inc.
 340 Quinnipiac St., Bldg. 40, Wallingford CT 06492
  
  
 ---------------------------------------------------------------
 Warning -- This program may not be used in any manner that
 competes with the business of Gaussian, Inc. or will provide
 assistance to any competitor of Gaussian, Inc.  The licensee
 of this program is prohibited from giving any competitor of
 Gaussian, Inc. access to this program.  By using this program,
 the user acknowledges that Gaussian, Inc. is engaged in the
 business of creating and licensing software in the field of
 computational chemistry and represents and warrants to the
 licensee that it is not a competitor of Gaussian, Inc. and that
 it will not use this program in any manner prohibited above.
 ---------------------------------------------------------------
  

 Cite this work as:
 Gaussian 09, Revision E.01,
 M. J. Frisch, G. W. Trucks, H. B. Schlegel, G. E. Scuseria, 
 M. A. Robb, J. R. Cheeseman, G. Scalmani, V. Barone, B. Mennucci, 
 G. A. Petersson, H. Nakatsuji, M. Caricato, X. Li, H. P. Hratchian, 
 A. F. Izmaylov, J. Bloino, G. Zheng, J. L. Sonnenberg, M. Hada, 
 M. Ehara, K. Toyota, R. Fukuda, J. Hasegawa, M. Ishida, T. Nakajima, 
 Y. Honda, O. Kitao, H. Nakai, T. Vreven, J. A. Montgomery, Jr., 
 J. E. Peralta, F. Ogliaro, M. Bearpark, J. J. Heyd, E. Brothers, 
 K. N. Kudin, V. N. Staroverov, T. Keith, R. Kobayashi, J. Normand, 
 K. Raghavachari, A. Rendell, J. C. Burant, S. S. Iyengar, J. Tomasi, 
 M. Cossi, N. Rega, J. M. Millam, M. Klene, J. E. Knox, J. B. Cross, 
 V. Bakken, C. Adamo, J. Jaramillo, R. Gomperts, R. E. Stratmann, 
 O. Yazyev, A. J. Austin, R. Cammi, C. Pomelli, J. W. Ochterski, 
 R. L. Martin, K. Morokuma, V. G. Zakrzewski, G. A. Voth, 
 P. Salvador, J. J. Dannenberg, S. Dapprich, A. D. Daniels, 
 O. Farkas, J. B. Foresman, J. V. Ortiz, J. Cioslowski, 
 and D. J. Fox, Gaussian, Inc., Wallingford CT, 2013.
 
 ******************************************
 Gaussian 09:  ES64L-G09RevE.01 30-Nov-2015
                 7-Mar-2019 
 ******************************************
 Default route:  MAXDISK=1700GB
 -------------------
 # freq=vcd hf/3-21g
 -------------------
 1/10=4,30=1,38=1/1,3;
 2/12=2,17=6,18=5,40=1/2;
 3/5=5,11=9,16=1,25=1,30=1,36=2,71=2,140=1/1,2,3;
 4//1;
 5/5=2,38=5,98=1/2;
 8/6=4,10=90,11=11/1;
 10/13=10,15=4,46=1/2;
 11/6=3,8=1,9=11,15=111,16=1/1,2,10;
 10/6=1,46=1/2;
 6/7=2,8=2,9=2,10=2,18=1,28=1/1;
 7/8=1,10=1,25=1/1,2,3,16;
 1/10=4,30=1/3;
 99//99;
 ------------
 Formaldehyde
 ------------
 Symbolic Z-matrix:
 Charge =  0 Multiplicity = 1
 C                    -0.49738   0.72775   0. 
 H                     0.03578  -0.19996   0. 
 H                    -1.56738   0.72775   0. 
 O                     0.12966   1.8188    0. 
 

 GradGradGradGradGradGradGradGradGradGradGradGradGradGradGradGradGradGrad
 Berny optimization.
 Initialization pass.
 Trust Radius=3.00D-01 FncErr=1.00D-07 GrdErr=1.00D-07
 Number of steps in this run=      2 maximum allowed number of steps=      2.
 GradGradGradGradGradGradGradGradGradGradGradGradGradGradGradGradGradGrad

                          Input orientation:                          
 ---------------------------------------------------------------------
 Center     Atomic      Atomic             Coordinates (Angstroms)
 Number     Number       Type             X           Y           Z
 ---------------------------------------------------------------------
      1          6           0       -0.497382    0.727749    0.000000
      2          1           0        0.035782   -0.199956    0.000000
      3          1           0       -1.567382    0.727749    0.000000
      4          8           0        0.129658    1.818799    0.000000
 ---------------------------------------------------------------------
                    Distance matrix (angstroms):
                    1          2          3          4
     1  C    0.000000
     2  H    1.070000   0.000000
     3  H    1.070000   1.852234   0.000000
     4  O    1.258400   2.020937   2.017508   0.000000
 Stoichiometry    CH2O
 Framework group  CS[SG(CH2O)]
 Deg. of freedom     5
 Full point group                 CS      NOp   2
 Largest Abelian subgroup         CS      NOp   2
 Largest concise Abelian subgroup C1      NOp   1
                         Standard orientation:                         
 ---------------------------------------------------------------------
 Center     Atomic      Atomic             Coordinates (Angstroms)
 Number     Number       Type             X           Y           Z
 ---------------------------------------------------------------------
      1          6           0        0.000199    0.562211    0.000000
      2          1           0        0.924720    1.100877    0.000000
      3          1           0       -0.927506    1.095374    0.000000
      4          8           0        0.000199   -0.696189   -0.000000
 ---------------------------------------------------------------------
 Rotational constants (GHZ):    292.3297840     36.5731199     32.5062871
 Standard basis: 3-21G (6D, 7F)
 There are    18 symmetry adapted cartesian basis functions of A'  symmetry.
 There are     4 symmetry adapted cartesian basis functions of A"  symmetry.
 There are    18 symmetry adapted basis functions of A'  symmetry.
 There are     4 symmetry adapted basis functions of A"  symmetry.
    22 basis functions,    36 primitive gaussians,    22 cartesian basis functions
     8 alpha electrons        8 beta electrons
       nuclear repulsion energy        30.5982777181 Hartrees.
 NAtoms=    4 NActive=    4 NUniq=    4 SFac= 1.00D+00 NAtFMM=   60 NAOKFM=F Big=F
 Integral buffers will be    131072 words long.
 Raffenetti 1 integral format.
 Two-electron integral symmetry is turned on.
 One-electron integrals computed using PRISM.
 NBasis=    22 RedAO= T EigKep=  6.11D-02  NBF=    18     4
 NBsUse=    22 1.00D-06 EigRej= -1.00D+00 NBFU=    18     4
 ExpMin= 1.83D-01 ExpMax= 3.22D+02 ExpMxC= 3.22D+02 IAcc=1 IRadAn=         1 AccDes= 0.00D+00
 Harris functional with IExCor=  205 and IRadAn=       1 diagonalized for initial guess.
 HarFok:  IExCor=  205 AccDes= 0.00D+00 IRadAn=         1 IDoV= 1 UseB2=F ITyADJ=14
 ICtDFT=  3500011 ScaDFX=  1.000000  1.000000  1.000000  1.000000
 FoFCou: FMM=F IPFlag=           0 FMFlag=      100000 FMFlg1=           0
         NFxFlg=           0 DoJE=T BraDBF=F KetDBF=T FulRan=T
         wScrn=  0.000000 ICntrl=     500 IOpCl=  0 I1Cent=   200000004 NGrid=           0
         NMat0=    1 NMatS0=      1 NMatT0=    0 NMatD0=    1 NMtDS0=    0 NMtDT0=    0
 Petite list used in FoFCou.
 Initial guess orbital symmetries:
       Occupied  (A') (A') (A') (A') (A') (A') (A") (A')
       Virtual   (A") (A') (A') (A') (A") (A') (A') (A') (A') (A')
                 (A") (A') (A') (A')
 The electronic state of the initial guess is 1-A'.
 Keep R1 ints in memory in symmetry-blocked form, NReq=857309.
 Requested convergence on RMS density matrix=1.00D-08 within 128 cycles.
 Requested convergence on MAX density matrix=1.00D-06.
 Requested convergence on             energy=1.00D-06.
 No special actions if energy rises.
 SCF Done:  E(RHF) =  -113.217409254     A.U. after   11 cycles
            NFock= 11  Conv=0.24D-08     -V/T= 2.0040
 Range of M.O.s used for correlation:     1    22
 NBasis=    22 NAE=     8 NBE=     8 NFC=     0 NFV=     0
 NROrb=     22 NOA=     8 NOB=     8 NVA=    14 NVB=    14
          Differentiating once with respect to electric field.
                with respect to dipole field.
          Differentiating once with respect to magnetic field using GIAOs.
          Electric field/nuclear overlap derivatives assumed to be zero.
 Keep R1 and R3 ints in memory in symmetry-blocked form, NReq=1439506.
 FoFJK:  IHMeth= 1 ICntrl=    6127 DoSepK=F KAlg= 0 I1Cent=   0 FoldK=F
 IRaf=         1 NMat=   1 IRICut=       1 DoRegI=T DoRafI=F ISym2E= 0.
          There are     6 degrees of freedom in the 1st order CPHF.  IDoFFX=0 NUNeed=     6.
      6 vectors produced by pass  0 Test12= 3.73D-15 1.67D-08 XBig12= 1.15D+01 1.90D+00.
 AX will form     6 AO Fock derivatives at one time.
      6 vectors produced by pass  1 Test12= 3.73D-15 1.67D-08 XBig12= 1.28D+00 3.97D-01.
      6 vectors produced by pass  2 Test12= 3.73D-15 1.67D-08 XBig12= 1.35D-01 1.30D-01.
      6 vectors produced by pass  3 Test12= 3.73D-15 1.67D-08 XBig12= 3.48D-03 1.65D-02.
      6 vectors produced by pass  4 Test12= 3.73D-15 1.67D-08 XBig12= 8.39D-05 2.17D-03.
      6 vectors produced by pass  5 Test12= 3.73D-15 1.67D-08 XBig12= 1.75D-06 2.94D-04.
      6 vectors produced by pass  6 Test12= 3.73D-15 1.67D-08 XBig12= 1.26D-08 2.71D-05.
      5 vectors produced by pass  7 Test12= 3.73D-15 1.67D-08 XBig12= 5.31D-11 1.62D-06.
      2 vectors produced by pass  8 Test12= 3.73D-15 1.67D-08 XBig12= 3.45D-13 1.62D-07.
      1 vectors produced by pass  9 Test12= 3.73D-15 1.67D-08 XBig12= 2.98D-15 1.89D-08.
 InvSVY:  IOpt=1 It=  1 EMax= 8.88D-16
 Solved reduced A of dimension    50 with     6 vectors.
 Calculating GIAO nuclear magnetic shielding tensors.
 SCF GIAO Magnetic shielding tensor (ppm):
      1  C    Isotropic =     6.5510   Anisotropy =   218.4892
   XX=  -131.2928   YX=    -0.4792   ZX=     0.0000
   XY=    -0.3283   YY=    -1.2648   ZY=    -0.0000
   XZ=     0.0000   YZ=     0.0000   ZZ=   152.2104
   Eigenvalues:  -131.2940    -1.2635   152.2104
      2  H    Isotropic =    21.8561   Anisotropy =     5.9560
   XX=    18.6228   YX=    -3.4378   ZX=    -0.0000
   XY=     1.7876   YY=    21.1187   ZY=     0.0000
   XZ=     0.0000   YZ=     0.0000   ZZ=    25.8268
   Eigenvalues:    18.3747    21.3669    25.8268
      3  H    Isotropic =    21.8602   Anisotropy =     5.8977
   XX=    18.5986   YX=     3.3605   ZX=     0.0000
   XY=    -1.8388   YY=    21.1901   ZY=     0.0000
   XZ=     0.0000   YZ=     0.0000   ZZ=    25.7921
   Eigenvalues:    18.3917    21.3970    25.7921
      4  O    Isotropic =  -602.8144   Anisotropy =  1580.7327
   XX=  -740.3237   YX=    -0.5321   ZX=     0.0000
   XY=    -2.7583   YY= -1519.1269   ZY=    -0.0000
   XZ=    -0.0000   YZ=     0.0000   ZZ=   451.0075
   Eigenvalues: -1519.1303  -740.3202   451.0075
 w=    0.000000 a.u., Optical Rotation Beta=      0.0000 au.
 Molar Mass =     30.0262 grams/mole, [Alpha]D (static) =        0.00 deg.
 End of Minotr F.D. properties file   721 does not exist.
 End of Minotr F.D. properties file   722 does not exist.
 End of Minotr F.D. properties file   788 does not exist.
 Symmetrizing basis deriv contribution to polar:
 IMax=3 JMax=2 DiffMx= 0.00D+00
 G2DrvN: will do     5 centers at a time, making    1 passes.
 PxScal for G2LodP:  IOpCl= 0 ISclPx=1 IMOff=     1 NMtTot=     4 NTT=     253 ScalPx= 1.46D+00
 Calling FoFCou, ICntrl=  3107 FMM=F I1Cent=   0 AccDes= 0.00D+00.
 End of G2Drv F.D. properties file   721 does not exist.
 End of G2Drv F.D. properties file   722 does not exist.
 End of G2Drv F.D. properties file   788 does not exist.
          IDoAtm=1111
          Differentiating once with respect to electric field.
                with respect to dipole field.
          Differentiating once with respect to nuclear coordinates.
 Keep R1 ints in memory in symmetry-blocked form, NReq=839044.
          There are    15 degrees of freedom in the 1st order CPHF.  IDoFFX=5 NUNeed=    15.
 Will reuse    3 saved solutions.
      9 vectors produced by pass  0 Test12= 7.47D-16 6.67D-09 XBig12= 8.94D-02 1.37D-01.
 AX will form     9 AO Fock derivatives at one time.
      9 vectors produced by pass  1 Test12= 7.47D-16 6.67D-09 XBig12= 2.05D-02 8.82D-02.
      9 vectors produced by pass  2 Test12= 7.47D-16 6.67D-09 XBig12= 2.63D-04 5.60D-03.
      9 vectors produced by pass  3 Test12= 7.47D-16 6.67D-09 XBig12= 1.95D-06 5.82D-04.
      9 vectors produced by pass  4 Test12= 7.47D-16 6.67D-09 XBig12= 8.86D-09 3.74D-05.
      9 vectors produced by pass  5 Test12= 7.47D-16 6.67D-09 XBig12= 4.44D-11 2.76D-06.
      7 vectors produced by pass  6 Test12= 7.47D-16 6.67D-09 XBig12= 1.75D-13 2.06D-07.
      1 vectors produced by pass  7 Test12= 7.47D-16 6.67D-09 XBig12= 5.98D-16 9.67D-09.
 InvSVY:  IOpt=1 It=  1 EMax= 6.66D-16
 Solved reduced A of dimension    62 with     9 vectors.
 Isotropic polarizability for W=    0.000000       10.98 Bohr**3.
 Dipole-magnetic dipole polarizability for W=    0.000000:
                 1             2             3 
      1   0.000000D+00  0.000000D+00  0.659682D+00
      2   0.000000D+00  0.000000D+00 -0.193614D-01
      3   0.805345D+01 -0.358468D-02  0.000000D+00
 DQ contribution to OR G for W=    0.000000:
                 1             2             3 
      1   0.000000D+00  0.000000D+00 -0.625645D+01
      2   0.000000D+00  0.000000D+00 -0.107258D-02
      3   0.180979D+02  0.178638D-01  0.000000D+00
 Optical Rotation G' tensor for W=    0.000000:
                 1             2             3 
      1   0.000000D+00  0.000000D+00 -0.698107D+00
      2   0.000000D+00  0.000000D+00  0.783541D-02
      3  -0.698107D+00  0.783541D-02  0.000000D+00
 OR G Eigenvalues:    -0.6982     0.0000     0.6982  Iso=    -0.0000
 Eigenvectors:
   (1)   0.707062  -0.007936   0.707107
   (2)   0.011223   0.999937  -0.000000
   (3)  -0.707062   0.007936   0.707107
 w=    0.000000 a.u., Optical Rotation Beta=      0.0000 au.
 Molar Mass =     30.0262 grams/mole, [Alpha]D (static) =        0.00 deg.
 AAT (total):
 -0.0000 -0.0000 -0.0796
 -0.0000  0.0000  0.0017
 -0.8507 -0.0054  0.0000
 -0.0000  0.0000  0.0792
 -0.0000  0.0000  0.0750
 -0.1339  1.4178  0.0000
  0.0000  0.0000  0.0806
 -0.0000 -0.0000 -0.0763
 -0.1363 -1.4201 -0.0000
 -0.0000  0.0000 -0.2496
  0.0000 -0.0000 -0.0010
  1.5178  0.0079  0.0000
 End of Minotr F.D. properties file   721 does not exist.
 End of Minotr F.D. properties file   722 does not exist.
 End of Minotr F.D. properties file   788 does not exist.

 **********************************************************************

            Population analysis using the SCF density.

 **********************************************************************

 Orbital symmetries:
       Occupied  (A') (A') (A') (A') (A') (A') (A") (A')
       Virtual   (A") (A') (A') (A') (A") (A') (A') (A') (A') (A')
                 (A") (A') (A') (A')
 The electronic state is 1-A'.
 Alpha  occ. eigenvalues --  -20.48231 -11.28166  -1.38160  -0.87703  -0.69750
 Alpha  occ. eigenvalues --   -0.61810  -0.50309  -0.44070
 Alpha virt. eigenvalues --    0.13309   0.27827   0.36642   0.44280   0.93771
 Alpha virt. eigenvalues --    0.98973   1.01588   1.12899   1.30065   1.58116
 Alpha virt. eigenvalues --    1.86710   1.93210   1.97891   3.28240
          Condensed to atoms (all electrons):
               1          2          3          4
     1  C    4.769258   0.334016   0.334848   0.468009
     2  H    0.334016   0.584993  -0.062097  -0.050362
     3  H    0.334848  -0.062097   0.584795  -0.050825
     4  O    0.468009  -0.050362  -0.050825   8.113777
 Mulliken charges:
               1
     1  C    0.093868
     2  H    0.193451
     3  H    0.193280
     4  O   -0.480599
 Sum of Mulliken charges =  -0.00000
 Mulliken charges with hydrogens summed into heavy atoms:
               1
     1  C    0.480599
     4  O   -0.480599
 APT charges:
               1
     1  C    0.524576
     2  H   -0.004875
     3  H   -0.005234
     4  O   -0.514467
 Sum of APT charges =  -0.00000
 APT charges with hydrogens summed into heavy atoms:
               1
     1  C    0.514467
     4  O   -0.514467
 Electronic spatial extent (au):  <R**2>=             61.4444
 Charge=             -0.0000 electrons
 Dipole moment (field-independent basis, Debye):
    X=              0.0004    Y=              2.8390    Z=              0.0000  Tot=              2.8390
 Quadrupole moment (field-independent basis, Debye-Ang):
   XX=            -11.2753   YY=            -12.1593   ZZ=            -11.6535
   XY=              0.0047   XZ=             -0.0000   YZ=             -0.0000
 Traceless Quadrupole moment (field-independent basis, Debye-Ang):
   XX=              0.4207   YY=             -0.4633   ZZ=              0.0425
   XY=              0.0047   XZ=             -0.0000   YZ=             -0.0000
 Octapole moment (field-independent basis, Debye-Ang**2):
  XXX=             -0.0043  YYY=             -0.3111  ZZZ=             -0.0000  XYY=              0.0078
  XXY=              0.3273  XXZ=              0.0000  XZZ=              0.0007  YZZ=             -1.0631
  YYZ=              0.0000  XYZ=             -0.0000
 Hexadecapole moment (field-independent basis, Debye-Ang**3):
 XXXX=            -15.8676 YYYY=            -44.1014 ZZZZ=             -9.3060 XXXY=             -0.0039
 XXXZ=              0.0000 YYYX=              0.0128 YYYZ=             -0.0000 ZZZX=              0.0000
 ZZZY=             -0.0000 XXYY=             -9.2986 XXZZ=             -4.4519 YYZZ=             -8.9431
 XXYZ=             -0.0000 YYXZ=             -0.0000 ZZXY=             -0.0007
 N-N= 3.059827771806D+01 E-N=-3.278387562987D+02  KE= 1.127713537847D+02
 Symmetry A'   KE= 1.094707917202D+02
 Symmetry A"   KE= 3.300562064505D+00
  Exact polarizability:  10.749   0.010  17.354  -0.000   0.000   4.852
 Approx polarizability:   8.037   0.012  17.940  -0.000   0.000   3.955
 Calling FoFJK, ICntrl=    100127 FMM=F ISym2X=1 I1Cent= 0 IOpClX= 0 NMat=1 NMatS=1 NMatT=0.
 Full mass-weighted force constant matrix:
 Low frequencies --- -171.6854   -0.0007   -0.0005    0.0013  260.2487  279.9023
 Low frequencies --- 1282.0943 1339.1604 1548.4198
 Diagonal vibrational polarizability:
        0.3344269       0.6863946       0.1812571
 Diagonal vibrational hyperpolarizability:
        0.0239720      11.1576783       0.0000000
 Harmonic frequencies (cm**-1), IR intensities (KM/Mole), Raman scattering
 activities (A**4/AMU), depolarization ratios for plane and unpolarized
 incident light, reduced masses (AMU), force constants (mDyne/A),
 Dipole strengths (10**-40 esu**2-cm**2),
 Rotational strengths (10**-44 esu**2-cm**2),
 E-M angle = Angle between electric and magnetic dipole transition moments (deg),
 and normal coordinates:
                      1                      2                      3
                     A"                     A'                     A'
 Frequencies --   1279.9047              1337.9260              1548.4195
 Red. masses --      1.3348                 1.3041                 2.9470
 Frc consts  --      1.2883                 1.3753                 4.1630
 IR Inten    --     11.0336                11.8913                50.4624
 Raman Activ --      0.0218                 6.0244                21.4502
 Depolar (P) --      0.7500                 0.7499                 0.4706
 Depolar (U) --      0.8571                 0.8571                 0.6400
 Dip. str.   --     34.3912                35.4573               130.0129
 Rot. str.   --      0.0000                -0.0000                -0.0000
 E-M angle   --     90.0000                90.0000                90.0000
  Atom  AN      X      Y      Z        X      Y      Z        X      Y      Z
     1   6     0.00  -0.00  -0.17     0.14   0.00   0.00     0.00  -0.27  -0.00
     2   1    -0.00   0.00   0.70    -0.25   0.66  -0.00     0.19  -0.62   0.00
     3   1    -0.00  -0.00   0.70    -0.24  -0.65  -0.00    -0.20  -0.63   0.00
     4   8    -0.00  -0.00   0.04    -0.07  -0.00  -0.00    -0.00   0.28   0.00
                      4                      5                      6
                     A'                     A'                     A'
 Frequencies --   1717.9022              3288.8988              3411.2493
 Red. masses --      1.4267                 1.0451                 1.1203
 Frc consts  --      2.4808                 6.6606                 7.6808
 IR Inten    --     10.5434                 9.5817                67.3121
 Raman Activ --      1.3596               110.6841                38.7779
 Depolar (P) --      0.2785                 0.1912                 0.7500
 Depolar (U) --      0.4357                 0.3211                 0.8571
 Dip. str.   --     24.4844                11.6225                78.7203
 Rot. str.   --      0.0000                -0.0000                 0.0000
 E-M angle   --     90.0000                90.0000                90.0000
  Atom  AN      X      Y      Z        X      Y      Z        X      Y      Z
     1   6    -0.00   0.18  -0.00    -0.00   0.06   0.00    -0.10  -0.00  -0.00
     2   1     0.41  -0.56   0.00    -0.61  -0.34  -0.00     0.61   0.36   0.00
     3   1    -0.41  -0.56   0.00     0.62  -0.34  -0.00     0.61  -0.35   0.00
     4   8    -0.00  -0.06   0.00    -0.00  -0.00  -0.00    -0.00   0.00   0.00

 -------------------
 - Thermochemistry -
 -------------------
 Temperature   298.150 Kelvin.  Pressure   1.00000 Atm.
 Atom     1 has atomic number  6 and mass  12.00000
 Atom     2 has atomic number  1 and mass   1.00783
 Atom     3 has atomic number  1 and mass   1.00783
 Atom     4 has atomic number  8 and mass  15.99491
 Molecular mass:    30.01056 amu.
 Principal axes and moments of inertia in atomic units:
                           1         2         3
     Eigenvalues --     6.17365  49.34611  55.51976
           X            0.00011   1.00000   0.00000
           Y            1.00000  -0.00011   0.00000
           Z            0.00000   0.00000   1.00000
 This molecule is an asymmetric top.
 Rotational symmetry number  1.
 Rotational temperatures (Kelvin)     14.02960     1.75523     1.56005
 Rotational constants (GHZ):         292.32978    36.57312    32.50629
 Zero-point vibrational energy      75270.8 (Joules/Mol)
                                   17.99016 (Kcal/Mol)
 Vibrational temperatures:   1841.50  1924.97  2227.83  2471.68  4731.99
          (Kelvin)           4908.02
 
 Zero-point correction=                           0.028669 (Hartree/Particle)
 Thermal correction to Energy=                    0.031529
 Thermal correction to Enthalpy=                  0.032474
 Thermal correction to Gibbs Free Energy=         0.006971
 Sum of electronic and zero-point Energies=           -113.188740
 Sum of electronic and thermal Energies=              -113.185880
 Sum of electronic and thermal Enthalpies=            -113.184936
 Sum of electronic and thermal Free Energies=         -113.210438
 
                     E (Thermal)             CV                S
                      KCal/Mol        Cal/Mol-Kelvin    Cal/Mol-Kelvin
 Total                   19.785              6.348             53.674
 Electronic               0.000              0.000              0.000
 Translational            0.889              2.981             36.130
 Rotational               0.889              2.981             17.477
 Vibrational             18.008              0.386              0.067
                       Q            Log10(Q)             Ln(Q)
 Total Bot       0.621459D-03         -3.206588         -7.383441
 Total V=0       0.955600D+10          9.980276         22.980435
 Vib (Bot)       0.653248D-13        -13.184922        -30.359404
 Vib (V=0)       0.100448D+01          0.001942          0.004472
 Electronic      0.100000D+01          0.000000          0.000000
 Translational   0.646199D+07          6.810366         15.681448
 Rotational      0.147220D+04          3.167968          7.294515
 ***** Axes restored to original set *****
 -------------------------------------------------------------------
 Center     Atomic                   Forces (Hartrees/Bohr)
 Number     Number              X              Y              Z
 -------------------------------------------------------------------
      1        6           0.043652298    0.077333575    0.000000000
      2        1          -0.002080466   -0.007730651   -0.000000000
      3        1          -0.005776435   -0.006270344   -0.000000000
      4        8          -0.035795398   -0.063332579   -0.000000000
 -------------------------------------------------------------------
 Cartesian Forces:  Max     0.077333575 RMS     0.033310542

 GradGradGradGradGradGradGradGradGradGradGradGradGradGradGradGradGradGrad
 Berny optimization.
 Search for a local minimum.
 Step number   1 out of a maximum of    2
 All quantities printed in internal units (Hartrees-Bohrs-Radians)
 Second derivative matrix not updated -- analytic derivatives used.
 The second derivative matrix:
                          X1        Y1        Z1        X2        Y2
           X1           0.78778
           Y1           0.04711   0.84415
           Z1           0.00000   0.00000   0.22467
           X2          -0.16539   0.14052   0.00000   0.15359
           Y2           0.13663  -0.27636  -0.00000  -0.13877   0.31831
           Z2           0.00000  -0.00000  -0.06561  -0.00000   0.00000
           X3          -0.36836   0.01975  -0.00000  -0.00990  -0.00417
           Y3           0.02383  -0.07286   0.00000   0.02818   0.00394
           Z3          -0.00000   0.00000  -0.06577   0.00000  -0.00000
           X4          -0.25403  -0.20738  -0.00000   0.02170   0.00632
           Y4          -0.20756  -0.49492  -0.00000  -0.02993  -0.04588
           Z4          -0.00000  -0.00000  -0.09329  -0.00000  -0.00000
                          Z2        X3        Y3        Z3        X4
           Z2           0.02132
           X3          -0.00000   0.39727
           Y3          -0.00000   0.00170   0.07484
           Z3           0.02241   0.00000   0.00000   0.02126
           X4           0.00000  -0.01902  -0.05371  -0.00000   0.25135
           Y4          -0.00000  -0.01728  -0.00591  -0.00000   0.25478
           Z4           0.02188  -0.00000  -0.00000   0.02210   0.00000
                          Y4        Z4
           Y4           0.54672
           Z4           0.00000   0.04932
 ITU=  0
     Eigenvalues ---    0.14263   0.16853   0.23047   0.43808   0.94597
     Eigenvalues ---    1.42765
 Angle between quadratic step and forces=  30.96 degrees.
 ClnCor:  largest displacement from symmetrization is 2.46D-17 for atom     1.
 Linear search not attempted -- first point.
 ClnCor:  largest displacement from symmetrization is 9.16D-16 for atom     3.
 B after Tr=     0.002209    0.004392   -0.000000
         Rot=    1.000000   -0.000000   -0.000000    0.000235 Ang=   0.03 deg.
 Variable       Old X    -DE/DX   Delta X   Delta X   Delta X     New X
                                 (Linear)    (Quad)   (Total)
    X1       -0.93992   0.04365   0.00000   0.03412   0.03700  -0.90291
    Y1        1.37525   0.07733   0.00000   0.06256   0.06737   1.44262
    Z1       -0.00000   0.00000   0.00000   0.00000   0.00000  -0.00000
    X2        0.06762  -0.00208   0.00000  -0.03546  -0.03343   0.03419
    Y2       -0.37786  -0.00773   0.00000  -0.00471  -0.00033  -0.37819
    Z2       -0.00000  -0.00000   0.00000  -0.00000  -0.00000  -0.00000
    X3       -2.96192  -0.00578   0.00000   0.01051   0.01335  -2.94858
    Y3        1.37525  -0.00627   0.00000  -0.03805  -0.03227   1.34297
    Z3       -0.00000  -0.00000   0.00000  -0.00000   0.00000   0.00000
    X4        0.24502  -0.03580   0.00000  -0.02073  -0.01692   0.22810
    Y4        3.43703  -0.06333   0.00000  -0.03906  -0.03477   3.40226
    Z4        0.00000  -0.00000   0.00000  -0.00000  -0.00000  -0.00000
         Item               Value     Threshold  Converged?
 Maximum Force            0.077334     0.000450     NO 
 RMS     Force            0.033311     0.000300     NO 
 Maximum Displacement     0.067373     0.001800     NO 
 RMS     Displacement     0.028491     0.001200     NO 
 Predicted change in Energy=-4.915171D-03
 GradGradGradGradGradGradGradGradGradGradGradGradGradGradGradGradGradGrad

 1\1\ WCSS.PL-BEM-WN1561\Freq\RHF\3-21G\C1H2O1\ROOT\07-Mar-2019\0\\# fr
 eq=vcd hf/3-21g\\Formaldehyde\\0,1\C,-0.49738219,0.72774868,0.\H,0.035
 78156,-0.19995624,0.\H,-1.56738219,0.72774868,0.\O,0.12965824,1.818799
 03,0.\\Version=ES64L-G09RevE.01\State=1-A'\HF=-113.2174093\RMSD=2.351e
 -09\RMSF=3.331e-02\ZeroPoint=0.0286691\Thermal=0.0315294\Dipole=-0.556
 4276,-0.9684907,0.\DipoleDeriv=0.7355407,-0.0319061,0.,-0.0308429,0.69
 67782,0.,0.,0.,0.1414092,-0.0500533,0.0791152,0.,0.0899734,-0.0799325,
 0.,0.,0.,0.1153595,-0.1466582,0.0342254,0.,0.023479,0.01608,0.,0.,0.,0
 .1148764,-0.5388292,-0.0814345,0.,-0.0826095,-0.6329257,0.,0.,0.,-0.37
 16452\Polar=12.3801238,2.8481427,15.7232534,0.,0.,4.8515766\PolarDeriv
 =2.5630031,-2.5714256,-2.5110845,0.,0.,-0.1245129,2.586967,-5.4770841,
 -2.5579912,0.,0.,-0.2260349,0.,0.,0.,-1.9101016,-3.3379894,0.,2.421291
 2,-2.6725803,1.7094204,0.,0.,0.2507559,-1.7399585,2.8947506,-6.5442744
 ,0.,0.,-0.3197864,0.,0.,0.,1.2092253,-1.2703217,0.,-8.9006849,0.285261
 8,-0.3387518,0.,0.,-0.4008739,-0.2776502,-1.7429729,-0.2677839,0.,0.,0
 .0617221,0.,0.,0.,-1.708706,0.4155089,0.,3.9163905,4.9587441,1.1404159
 ,0.,0.,0.2746309,-0.5693584,4.3253064,9.3700496,0.,0.,0.4840992,0.,0.,
 0.,2.4095824,4.1928022,0.\HyperPolar=-38.7551199,-13.5643276,7.3826872
 ,-40.9004071,0.,0.,0.,-3.0339611,-5.2967596,0.\AAT=0.,0.,0.0698865,0.,
 0.,-0.03816,0.7348845,-0.4286135,0.,0.,0.,-0.0312888,0.,0.,0.1044418,0
 .8225632,1.1624854,0.,0.,0.,-0.107923,0.,0.,-0.0259471,-0.5893872,-1.2
 99139,0.,0.,0.,0.2158791,0.,0.,-0.1252088,-1.3120628,0.7631601,0.\GPTe
 ns=0.,0.,-6.9842414,0.,0.,4.0097973,-0.5816011,0.3119224,0.\OptRot=0.,
 0.,0.6091726,0.,0.,-0.341062,0.6091726,-0.341062,0.\DQPolar=-16.401222
 1,14.2486416,2.1525805,-8.7696666,0.,0.,6.9125288,-10.6563986,3.743869
 8,5.2152818,0.,0.,0.,0.,0.,0.,-0.9658356,-1.6800217\PG=CS [SG(C1H2O1)]
 \NImag=0\\0.78777817,0.04710635,0.84415053,0.,0.,0.22467365,-0.1653891
 4,0.14051849,0.,0.15359003,0.13662820,-0.27636295,0.,-0.13876892,0.318
 31104,0.,0.,-0.06560708,0.,0.,0.02131800,-0.36835816,0.01975359,0.,-0.
 00989733,-0.00417484,0.,0.39727376,0.02383044,-0.07286372,0.,0.0281794
 1,0.00393662,0.,0.00170405,0.07484142,0.,0.,-0.06577373,0.,0.,0.022413
 19,0.,0.,0.02126170,-0.25403088,-0.20737843,0.,0.02169643,0.00631557,0
 .,-0.01901828,-0.05371390,0.,0.25135272,-0.20756498,-0.49492387,0.,-0.
 02992898,-0.04588471,0.,-0.01728280,-0.00591433,0.,0.25477676,0.546722
 91,0.,0.,-0.09329283,0.,0.,0.02187589,0.,0.,0.02209884,0.,0.,0.0493181
 0\\-0.04365230,-0.07733357,0.,0.00208047,0.00773065,0.,0.00577643,0.00
 627034,0.,0.03579540,0.06333258,0.\\\@


 A COMPLEXITY IS MERELY A DISARRANGEMENT OF SIMPLICITIES.

                                    -- G. O. ABELL IN "EXPLORATION OF THE UNIVERSE"
 Job cpu time:       0 days  0 hours  0 minutes  2.4 seconds.
 File lengths (MBytes):  RWF=      5 Int=      0 D2E=      0 Chk=      1 Scr=      1
 Normal termination of Gaussian 09 at Thu Mar  7 09:58:28 2019.
